0:00:00.036438744 3471031     0x3ac6e170 DEBUG                GST_BUS gstbus.c:573:gst_bus_timed_pop_filtered:<bus1> got message 0x3ae845a0, state-changed from fake_sink, type mask is 4294967295
0:00:00.036445116 3471031     0x3ac6e170 DEBUG                GST_BUS gstbus.c:831:gst_bus_source_dispatch:<bus1> source 0x3ae88120 calling dispatch with state-changed message: 0x3ae845a0, time 99:99:99.999999999, seq-num 17, element 'fake_sink', GstMessageStateChanged, old-state=(GstState)null, new-state=(GstState)ready, pending-state=(GstState)void-pending;
0:00:00.036445419 3471031 0x70dc18000d60 DEBUG                basesrc gstbasesrc.c:1069:gst_base_src_default_fixate:<src> using default caps fixate function

// XXX: videotestsrc fixates format to A444_16LE

0:00:00.036457250 3471031 0x70dc18000d60 DEBUG                basesrc gstbasesrc.c:3448:gst_base_src_default_negotiate:<src> fixated to: video/x-raw, format=(string)A444_16LE, width=(int)1024, height=(int)768, framerate=(fraction)30/1, multiview-mode=(string)mono, pixel-aspect-ratio=(fraction)1/1, interlace-mode=(string)progressive

0:00:00.036459877 3471031 0x70dc18000d60 DEBUG               GST_CAPS gstpad.c:2768:gst_pad_get_current_caps:<src:src> get current pad caps (NULL)
0:00:00.036465747 3471031 0x70dc18000d60 DEBUG             video-info video-info.c:406:gst_video_info_from_caps: parsing caps video/x-raw, format=(string)A444_16LE, width=(int)1024, height=(int)768, framerate=(fraction)30/1, multiview-mode=(string)mono, pixel-aspect-ratio=(fraction)1/1, interlace-mode=(string)progressive
0:00:00.036471162 3471031 0x70dc18000d60 DEBUG             video-info video-info.c:528:gst_video_info_from_caps: no colorimetry, using default
0:00:00.036479570 3471031 0x70dc18000d60 DEBUG           videotestsrc gstvideotestsrc.c:1053:gst_video_test_src_setcaps:<src> size 1024x768, 30/1 fps
0:00:00.036484102 3471031 0x70dc18000d60 INFO               GST_EVENT gstevent.c:918:gst_event_new_caps: creating caps event video/x-raw, format=(string)A444_16LE, width=(int)1024, height=(int)768, framerate=(fraction)30/1, multiview-mode=(string)mono, pixel-aspect-ratio=(fraction)1/1, interlace-mode=(string)progressive
0:00:00.036487770 3471031 0x70dc18000d60 DEBUG              GST_EVENT gstevent.c:337:gst_event_new_custom: creating new event 0x70dc0c011610 caps 12814
0:00:00.036489393 3471031 0x70dc18000d60 DEBUG               GST_PADS gstpad.c:5424:store_sticky_event:<src:src> notify caps
0:00:00.036491303 3471031 0x70dc18000d60 DEBUG               GST_PADS gstpad.c:4141:check_sticky:<src:src> pushing all sticky events
0:00:00.036493001 3471031 0x70dc18000d60 DEBUG               GST_PADS gstpad.c:4065:push_sticky:<src:src> event stream-start was already received
0:00:00.036497597 3471031 0x70dc18000d60 DEBUG              GST_EVENT gstpad.c:5892:gst_pad_send_event_unchecked:<capsfilter:sink> have event type caps event: 0x70dc0c011610, time 99:99:99.999999999, seq-num 48, GstEventCaps, caps=(GstCaps)"video/x-raw\,\ format\=\(string\)A444_16LE\,\ width\=\(int\)1024\,\ height\=\(int\)768\,\ framerate\=\(fraction\)30/1\,\ multiview-mode\=\(string\)mono\,\ pixel-aspect-ratio\=\(fraction\)1/1\,\ interlace-mode\=\(string\)progressive";
0:00:00.036500491 3471031 0x70dc18000d60 DEBUG               GST_CAPS gstutils.c:3196:gst_pad_query_accept_caps:<capsfilter:sink> accept caps of video/x-raw, format=(string)A444_16LE, width=(int)1024, height=(int)768, framerate=(fraction)30/1, multiview-mode=(string)mono, pixel-aspect-ratio=(fraction)1/1, interlace-mode=(string)progressive
0:00:00.036503166 3471031 0x70dc18000d60 DEBUG                  query gstquery.c:680:gst_query_new_custom: creating new query 0x70dc0c00aad0 accept-caps
0:00:00.036504838 3471031 0x70dc18000d60 DEBUG               GST_PADS gstpad.c:4209:gst_pad_query:<capsfilter:sink> doing query 0x70dc0c00aad0 (accept-caps)
0:00:00.036506867 3471031 0x70dc18000d60 DEBUG             capsfilter gstcapsfilter.c:346:gst_capsfilter_accept_caps:<capsfilter> can intersect: 1
0:00:00.036508673 3471031 0x70dc18000d60 DEBUG               GST_PADS gstpad.c:4232:gst_pad_query:<capsfilter:sink> sent query 0x70dc0c00aad0 (accept-caps), result 1
0:00:00.036510189 3471031 0x70dc18000d60 DEBUG               GST_CAPS gstutils.c:3202:gst_pad_query_accept_caps:<capsfilter:sink> query returned 1
0:00:00.036511866 3471031 0x70dc18000d60 DEBUG               GST_PADS gstpad.c:1686:gst_pad_check_reconfigure:<capsfilter:src> remove RECONFIGURE flag
0:00:00.036514427 3471031 0x70dc18000d60 DEBUG          basetransform gstbasetransform.c:1315:gst_base_transform_setcaps:<capsfilter:sink> have new caps 0x70dc0c00ab80 video/x-raw, format=(string)A444_16LE, width=(int)1024, height=(int)768, framerate=(fraction)30/1, multiview-mode=(string)mono, pixel-aspect-ratio=(fraction)1/1, interlace-mode=(string)progressive
0:00:00.036517789 3471031 0x70dc18000d60 DEBUG          basetransform gstbasetransform.c:471:gst_base_transform_transform_caps:<capsfilter> transform caps (direction = 2)
0:00:00.036521138 3471031 0x70dc18000d60 DEBUG             capsfilter gstcapsfilter.c:301:gst_capsfilter_transform_caps:<capsfilter> input:     video/x-raw, format=(string)A444_16LE, width=(int)1024, height=(int)768, framerate=(fraction)30/1, multiview-mode=(string)mono, pixel-aspect-ratio=(fraction)1/1, interlace-mode=(string)progressive
0:00:00.036522208 3471031     0x3ac6e170 DEBUG                GST_BUS gstbus.c:837:gst_bus_source_dispatch:<bus1> source 0x3ae88120 handler returns 1
0:00:00.036526795 3471031 0x70dc18000d60 DEBUG             capsfilter gstcapsfilter.c:302:gst_capsfilter_transform_caps:<capsfilter> filter:    (NULL)
0:00:00.036529421 3471031     0x3ac6e170 DEBUG                GST_BUS gstbus.c:573:gst_bus_timed_pop_filtered:<bus1> got message 0x3ae849b0, state-changed from fake_queue, type mask is 4294967295
0:00:00.036529487 3471031 0x70dc18000d60 DEBUG             capsfilter gstcapsfilter.c:303:gst_capsfilter_transform_caps:<capsfilter> caps filter:    video/x-raw, width=(int)1024, height=(int)768
0:00:00.036534154 3471031     0x3ac6e170 DEBUG                GST_BUS gstbus.c:831:gst_bus_source_dispatch:<bus1> source 0x3ae88120 calling dispatch with state-changed message: 0x3ae849b0, time 99:99:99.999999999, seq-num 18, element 'fake_queue', GstMessageStateChanged, old-state=(GstState)null, new-state=(GstState)ready, pending-state=(GstState)void-pending;
0:00:00.036534813 3471031 0x70dc18000d60 DEBUG             capsfilter gstcapsfilter.c:305:gst_capsfilter_transform_caps:<capsfilter> intersect: video/x-raw, width=(int)1024, height=(int)768, format=(string)A444_16LE, framerate=(fraction)30/1, multiview-mode=(string)mono, pixel-aspect-ratio=(fraction)1/1, interlace-mode=(string)progressive
0:00:00.036540024 3471031 0x70dc18000d60 DEBUG          basetransform gstbasetransform.c:498:gst_base_transform_transform_caps:<capsfilter> to: video/x-raw, width=(int)1024, height=(int)768, format=(string)A444_16LE, framerate=(fraction)30/1, multiview-mode=(string)mono, pixel-aspect-ratio=(fraction)1/1, interlace-mode=(string)progressive
0:00:00.036541872 3471031 0x70dc18000d60 DEBUG          basetransform gstbasetransform.c:1095:gst_base_transform_find_transform:<capsfilter> intersecting against padtemplate ANY
0:00:00.036544517 3471031 0x70dc18000d60 DEBUG          basetransform gstbasetransform.c:1170:gst_base_transform_find_transform: have fixed caps video/x-raw, width=(int)1024, height=(int)768, format=(string)A444_16LE, framerate=(fraction)30/1, multiview-mode=(string)mono, pixel-aspect-ratio=(fraction)1/1, interlace-mode=(string)progressive
0:00:00.036548303 3471031 0x70dc18000d60 DEBUG          basetransform gstbasetransform.c:1176:gst_base_transform_find_transform:<capsfilter> calling fixate_caps for video/x-raw, width=(int)1024, height=(int)768, format=(string)A444_16LE, framerate=(fraction)30/1, multiview-mode=(string)mono, pixel-aspect-ratio=(fraction)1/1, interlace-mode=(string)progressive using caps video/x-raw, format=(string)A444_16LE, width=(int)1024, height=(int)768, framerate=(fraction)30/1, multiview-mode=(string)mono, pixel-aspect-ratio=(fraction)1/1, interlace-mode=(string)progressive on pad capsfilter:src
0:00:00.036551461 3471031 0x70dc18000d60 DEBUG          basetransform gstbasetransform.c:1045:gst_base_transform_default_fixate_caps:<capsfilter> fixated to video/x-raw, width=(int)1024, height=(int)768, format=(string)A444_16LE, framerate=(fraction)30/1, multiview-mode=(string)mono, pixel-aspect-ratio=(fraction)1/1, interlace-mode=(string)progressive
0:00:00.036553792 3471031 0x70dc18000d60 DEBUG          basetransform gstbasetransform.c:1189:gst_base_transform_find_transform:<capsfilter> after fixating video/x-raw, width=(int)1024, height=(int)768, format=(string)A444_16LE, framerate=(fraction)30/1, multiview-mode=(string)mono, pixel-aspect-ratio=(fraction)1/1, interlace-mode=(string)progressive
0:00:00.036557235 3471031     0x3ac6e170 DEBUG                GST_BUS gstbus.c:837:gst_bus_source_dispatch:<bus1> source 0x3ae88120 handler returns 1
0:00:00.036557797 3471031 0x70dc18000d60 DEBUG               GST_CAPS gstutils.c:3196:gst_pad_query_accept_caps:<timeoverlay:video_sink> accept caps of video/x-raw, width=(int)1024, height=(int)768, format=(string)A444_16LE, framerate=(fraction)30/1, multiview-mode=(string)mono, pixel-aspect-ratio=(fraction)1/1, interlace-mode=(string)progressive
0:00:00.036562004 3471031     0x3ac6e170 DEBUG                GST_BUS gstbus.c:573:gst_bus_timed_pop_filtered:<bus1> got message 0x3ae84cd0, state-changed from tee, type mask is 4294967295
0:00:00.036562711 3471031 0x70dc18000d60 DEBUG                  query gstquery.c:680:gst_query_new_custom: creating new query 0x70dc0c00d9d0 accept-caps
0:00:00.036568518 3471031     0x3ac6e170 DEBUG                GST_BUS gstbus.c:831:gst_bus_source_dispatch:<bus1> source 0x3ae88120 calling dispatch with state-changed message: 0x3ae84cd0, time 99:99:99.999999999, seq-num 19, element 'tee', GstMessageStateChanged, old-state=(GstState)null, new-state=(GstState)ready, pending-state=(GstState)void-pending;
0:00:00.036570470 3471031 0x70dc18000d60 DEBUG               GST_PADS gstpad.c:4209:gst_pad_query:<timeoverlay:video_sink> doing query 0x70dc0c00d9d0 (accept-caps)
0:00:00.036574648 3471031 0x70dc18000d60 DEBUG               GST_PADS gstpad.c:3231:gst_pad_query_accept_caps_default:<timeoverlay:video_sink> query accept-caps accept-caps query: 0x70dc0c00d9d0, GstQueryAcceptCaps, caps=(GstCaps)"video/x-raw\,\ width\=\(int\)1024\,\ height\=\(int\)768\,\ format\=\(string\)A444_16LE\,\ framerate\=\(fraction\)30/1\,\ multiview-mode\=\(string\)mono\,\ pixel-aspect-ratio\=\(fraction\)1/1\,\ interlace-mode\=\(string\)progressive", result=(boolean)false;
0:00:00.036576818 3471031 0x70dc18000d60 DEBUG        GST_PERFORMANCE gstpad.c:3248:gst_pad_query_accept_caps_default:<timeoverlay:video_sink> fallback ACCEPT_CAPS query, consider implementing a specialized version
0:00:00.036579019 3471031 0x70dc18000d60 DEBUG               GST_CAPS gstutils.c:3113:gst_pad_query_caps:<timeoverlay:video_sink> get pad caps with filter video/x-raw, width=(int)1024, height=(int)768, format=(string)A444_16LE, framerate=(fraction)30/1, multiview-mode=(string)mono, pixel-aspect-ratio=(fraction)1/1, interlace-mode=(string)progressive
0:00:00.036581361 3471031 0x70dc18000d60 DEBUG                  query gstquery.c:680:gst_query_new_custom: creating new query 0x70dc0c00dd40 caps
0:00:00.036582969 3471031 0x70dc18000d60 DEBUG               GST_PADS gstpad.c:4209:gst_pad_query:<timeoverlay:video_sink> doing query 0x70dc0c00dd40 (caps)
0:00:00.036585141 3471031 0x70dc18000d60 DEBUG        GST_PERFORMANCE gstcaps.c:180:_gst_caps_copy: doing copy 0x70dc0c006760 -> 0x70dc0c0088b0
0:00:00.036586370 3471031     0x3ac6e170 DEBUG                GST_BUS gstbus.c:837:gst_bus_source_dispatch:<bus1> source 0x3ae88120 handler returns 1
0:00:00.036590006 3471031     0x3ac6e170 DEBUG                GST_BUS gstbus.c:573:gst_bus_timed_pop_filtered:<bus1> got message 0x3ae82400, state-changed from timeoverlay, type mask is 4294967295
0:00:00.036592048 3471031 0x70dc18000d60 DEBUG        basetextoverlay gstbasetextoverlay.c:1461:gst_base_text_overlay_get_videosink_caps:<timeoverlay> overlay filter video/x-raw(memory:SystemMemory, meta:GstVideoOverlayComposition), width=(int)1024, height=(int)768, format=(string)A444_16LE, framerate=(fraction)30/1, multiview-mode=(string)mono, pixel-aspect-ratio=(fraction)1/1, interlace-mode=(string)progressive; video/x-raw, width=(int)1024, height=(int)768, format=(string)A444_16LE, framerate=(fraction)30/1, multiview-mode=(string)mono, pixel-aspect-ratio=(fraction)1/1, interlace-mode=(string)progressive
0:00:00.036593531 3471031     0x3ac6e170 DEBUG                GST_BUS gstbus.c:831:gst_bus_source_dispatch:<bus1> source 0x3ae88120 calling dispatch with state-changed message: 0x3ae82400, time 99:99:99.999999999, seq-num 20, element 'timeoverlay', GstMessageStateChanged, old-state=(GstState)null, new-state=(GstState)ready, pending-state=(GstState)void-pending;
0:00:00.036597897 3471031 0x70dc18000d60 DEBUG               GST_CAPS gstutils.c:3159:gst_pad_peer_query_caps:<timeoverlay:src> get pad peer caps with filter video/x-raw(memory:SystemMemory, meta:GstVideoOverlayComposition), width=(int)1024, height=(int)768, format=(string)A444_16LE, framerate=(fraction)30/1, multiview-mode=(string)mono, pixel-aspect-ratio=(fraction)1/1, interlace-mode=(string)progressive; video/x-raw, width=(int)1024, height=(int)768, format=(string)A444_16LE, framerate=(fraction)30/1, multiview-mode=(string)mono, pixel-aspect-ratio=(fraction)1/1, interlace-mode=(string)progressive
0:00:00.036604128 3471031 0x70dc18000d60 DEBUG                  query gstquery.c:680:gst_query_new_custom: creating new query 0x70dc0c00e590 caps
0:00:00.036605692 3471031 0x70dc18000d60 DEBUG               GST_PADS gstpad.c:4341:gst_pad_peer_query:<timeoverlay:src> peer query 0x70dc0c00e590 (caps)
0:00:00.036607162 3471031 0x70dc18000d60 DEBUG               GST_PADS gstpad.c:4209:gst_pad_query:<tee:sink> doing query 0x70dc0c00e590 (caps)
0:00:00.036613740 3471031 0x70dc18000d60 DEBUG               GST_CAPS gstpad.c:3290:gst_pad_query_caps_default:<tee:sink> query caps caps query: 0x70dc0c00e590, GstQueryCaps, filter=(GstCaps)"video/x-raw\(memory:SystemMemory\,\ meta:GstVideoOverlayComposition\)\,\ width\=\(int\)1024\,\ height\=\(int\)768\,\ format\=\(string\)A444_16LE\,\ framerate\=\(fraction\)30/1\,\ multiview-mode\=\(string\)mono\,\ pixel-aspect-ratio\=\(fraction\)1/1\,\ interlace-mode\=\(string\)progressive\;\ video/x-raw\,\ width\=\(int\)1024\,\ height\=\(int\)768\,\ format\=\(string\)A444_16LE\,\ framerate\=\(fraction\)30/1\,\ multiview-mode\=\(string\)mono\,\ pixel-aspect-ratio\=\(fraction\)1/1\,\ interlace-mode\=\(string\)progressive", caps=(GstCaps)"NULL";
0:00:00.036616128 3471031     0x3ac6e170 DEBUG                GST_BUS gstbus.c:837:gst_bus_source_dispatch:<bus1> source 0x3ae88120 handler returns 1
0:00:00.036616658 3471031 0x70dc18000d60 DEBUG               GST_PADS gstutils.c:2858:gst_pad_proxy_query_caps:<tee:sink> proxying caps query for tee:sink
0:00:00.036620231 3471031     0x3ac6e170 DEBUG                GST_BUS gstbus.c:573:gst_bus_timed_pop_filtered:<bus1> got message 0x3ae82a80, state-changed from capsfilter, type mask is 4294967295
0:00:00.036620443 3471031 0x70dc18000d60 DEBUG               GST_PADS gstpad.c:2999:gst_pad_iterate_internal_links_default:<tee:sink> Making iterator
0:00:00.036624089 3471031     0x3ac6e170 DEBUG                GST_BUS gstbus.c:831:gst_bus_source_dispatch:<bus1> source 0x3ae88120 calling dispatch with state-changed message: 0x3ae82a80, time 99:99:99.999999999, seq-num 21, element 'capsfilter', GstMessageStateChanged, old-state=(GstState)null, new-state=(GstState)ready, pending-state=(GstState)void-pending;
0:00:00.036625150 3471031 0x70dc18000d60 DEBUG               GST_PADS gstpad.c:4341:gst_pad_peer_query:<tee:src_0> peer query 0x70dc0c00e590 (caps)
0:00:00.036628595 3471031 0x70dc18000d60 DEBUG               GST_PADS gstpad.c:4209:gst_pad_query:<fake_queue:sink> doing query 0x70dc0c00e590 (caps)
0:00:00.036632852 3471031 0x70dc18000d60 DEBUG               GST_CAPS gstpad.c:3290:gst_pad_query_caps_default:<fake_queue:sink> query caps caps query: 0x70dc0c00e590, GstQueryCaps, filter=(GstCaps)"video/x-raw\(memory:SystemMemory\,\ meta:GstVideoOverlayComposition\)\,\ width\=\(int\)1024\,\ height\=\(int\)768\,\ format\=\(string\)A444_16LE\,\ framerate\=\(fraction\)30/1\,\ multiview-mode\=\(string\)mono\,\ pixel-aspect-ratio\=\(fraction\)1/1\,\ interlace-mode\=\(string\)progressive\;\ video/x-raw\,\ width\=\(int\)1024\,\ height\=\(int\)768\,\ format\=\(string\)A444_16LE\,\ framerate\=\(fraction\)30/1\,\ multiview-mode\=\(string\)mono\,\ pixel-aspect-ratio\=\(fraction\)1/1\,\ interlace-mode\=\(string\)progressive", caps=(GstCaps)"NULL";
0:00:00.036636965 3471031 0x70dc18000d60 DEBUG               GST_PADS gstutils.c:2858:gst_pad_proxy_query_caps:<fake_queue:sink> proxying caps query for fake_queue:sink
0:00:00.036638277 3471031 0x70dc18000d60 DEBUG               GST_PADS gstpad.c:2999:gst_pad_iterate_internal_links_default:<fake_queue:sink> Making iterator
0:00:00.036640709 3471031 0x70dc18000d60 DEBUG               GST_PADS gstpad.c:4341:gst_pad_peer_query:<fake_queue:src> peer query 0x70dc0c00e590 (caps)
0:00:00.036642702 3471031 0x70dc18000d60 DEBUG               GST_PADS gstpad.c:4209:gst_pad_query:<fake_sink:sink> doing query 0x70dc0c00e590 (caps)
0:00:00.036640945 3471031     0x3ac6e170 DEBUG                GST_BUS gstbus.c:837:gst_bus_source_dispatch:<bus1> source 0x3ae88120 handler returns 1
0:00:00.036644612 3471031 0x70dc18000d60 DEBUG               GST_PADS gstpad.c:4232:gst_pad_query:<fake_sink:sink> sent query 0x70dc0c00e590 (caps), result 1
0:00:00.036648153 3471031     0x3ac6e170 DEBUG                GST_BUS gstbus.c:573:gst_bus_timed_pop_filtered:<bus1> got message 0x3ae82ee0, state-changed from src, type mask is 4294967295
0:00:00.036649985 3471031 0x70dc18000d60 DEBUG               GST_PADS gstutils.c:2819:query_caps_func:<fake_queue:src> intersect with result video/x-raw(memory:SystemMemory, meta:GstVideoOverlayComposition), width=(int)1024, height=(int)768, format=(string)A444_16LE, framerate=(fraction)30/1, multiview-mode=(string)mono, pixel-aspect-ratio=(fraction)1/1, interlace-mode=(string)progressive; video/x-raw, width=(int)1024, height=(int)768, format=(string)A444_16LE, framerate=(fraction)30/1, multiview-mode=(string)mono, pixel-aspect-ratio=(fraction)1/1, interlace-mode=(string)progressive
0:00:00.036651723 3471031     0x3ac6e170 DEBUG                GST_BUS gstbus.c:831:gst_bus_source_dispatch:<bus1> source 0x3ae88120 calling dispatch with state-changed message: 0x3ae82ee0, time 99:99:99.999999999, seq-num 22, element 'src', GstMessageStateChanged, old-state=(GstState)null, new-state=(GstState)ready, pending-state=(GstState)void-pending;
0:00:00.036656801 3471031 0x70dc18000d60 DEBUG               GST_PADS gstutils.c:2822:query_caps_func:<fake_queue:src> intersected video/x-raw(memory:SystemMemory, meta:GstVideoOverlayComposition), width=(int)1024, height=(int)768, format=(string)A444_16LE, framerate=(fraction)30/1, multiview-mode=(string)mono, pixel-aspect-ratio=(fraction)1/1, interlace-mode=(string)progressive; video/x-raw, width=(int)1024, height=(int)768, format=(string)A444_16LE, framerate=(fraction)30/1, multiview-mode=(string)mono, pixel-aspect-ratio=(fraction)1/1, interlace-mode=(string)progressive
0:00:00.036660036 3471031 0x70dc18000d60 DEBUG               GST_PADS gstpad.c:3545:gst_pad_query_default:<fake_queue:sink> not forwarding 0x70dc0c00e590 (caps) query
0:00:00.036661682 3471031 0x70dc18000d60 DEBUG               GST_PADS gstpad.c:4232:gst_pad_query:<fake_queue:sink> sent query 0x70dc0c00e590 (caps), result 1
0:00:00.036666773 3471031 0x70dc18000d60 DEBUG               GST_PADS gstutils.c:2819:query_caps_func:<tee:src_0> intersect with result video/x-raw(memory:SystemMemory, meta:GstVideoOverlayComposition), width=(int)1024, height=(int)768, format=(string)A444_16LE, framerate=(fraction)30/1, multiview-mode=(string)mono, pixel-aspect-ratio=(fraction)1/1, interlace-mode=(string)progressive; video/x-raw, width=(int)1024, height=(int)768, format=(string)A444_16LE, framerate=(fraction)30/1, multiview-mode=(string)mono, pixel-aspect-ratio=(fraction)1/1, interlace-mode=(string)progressive
0:00:00.036672876 3471031 0x70dc18000d60 DEBUG               GST_PADS gstutils.c:2822:query_caps_func:<tee:src_0> intersected video/x-raw(memory:SystemMemory, meta:GstVideoOverlayComposition), width=(int)1024, height=(int)768, format=(string)A444_16LE, framerate=(fraction)30/1, multiview-mode=(string)mono, pixel-aspect-ratio=(fraction)1/1, interlace-mode=(string)progressive; video/x-raw, width=(int)1024, height=(int)768, format=(string)A444_16LE, framerate=(fraction)30/1, multiview-mode=(string)mono, pixel-aspect-ratio=(fraction)1/1, interlace-mode=(string)progressive
0:00:00.036676966 3471031     0x3ac6e170 DEBUG                GST_BUS gstbus.c:837:gst_bus_source_dispatch:<bus1> source 0x3ae88120 handler returns 1
0:00:00.036677398 3471031 0x70dc18000d60 DEBUG               GST_PADS gstpad.c:3545:gst_pad_query_default:<tee:sink> not forwarding 0x70dc0c00e590 (caps) query
0:00:00.036682551 3471031 0x70dc18000d60 DEBUG               GST_PADS gstpad.c:4232:gst_pad_query:<tee:sink> sent query 0x70dc0c00e590 (caps), result 1
0:00:00.036683495 3471031     0x3ac6e170 DEBUG                GST_BUS gstbus.c:573:gst_bus_timed_pop_filtered:<bus1> got message 0x3ae830a0, state-changed from DynamicPipeline, type mask is 4294967295
0:00:00.036685461 3471031 0x70dc18000d60 DEBUG               GST_CAPS gstutils.c:3166:gst_pad_peer_query_caps:<timeoverlay:src> peer query returned video/x-raw(memory:SystemMemory, meta:GstVideoOverlayComposition), width=(int)1024, height=(int)768, format=(string)A444_16LE, framerate=(fraction)30/1, multiview-mode=(string)mono, pixel-aspect-ratio=(fraction)1/1, interlace-mode=(string)progressive; video/x-raw, width=(int)1024, height=(int)768, format=(string)A444_16LE, framerate=(fraction)30/1, multiview-mode=(string)mono, pixel-aspect-ratio=(fraction)1/1, interlace-mode=(string)progressive
0:00:00.036687265 3471031     0x3ac6e170 DEBUG                GST_BUS gstbus.c:831:gst_bus_source_dispatch:<bus1> source 0x3ae88120 calling dispatch with state-changed message: 0x3ae830a0, time 99:99:99.999999999, seq-num 23, element 'DynamicPipeline', GstMessageStateChanged, old-state=(GstState)null, new-state=(GstState)ready, pending-state=(GstState)playing;
0:00:00.036692309 3471031 0x70dc18000d60 DEBUG        basetextoverlay gstbasetextoverlay.c:1472:gst_base_text_overlay_get_videosink_caps:<timeoverlay:video_sink> peer caps  video/x-raw(memory:SystemMemory, meta:GstVideoOverlayComposition), width=(int)1024, height=(int)768, format=(string)A444_16LE, framerate=(fraction)30/1, multiview-mode=(string)mono, pixel-aspect-ratio=(fraction)1/1, interlace-mode=(string)progressive; video/x-raw, width=(int)1024, height=(int)768, format=(string)A444_16LE, framerate=(fraction)30/1, multiview-mode=(string)mono, pixel-aspect-ratio=(fraction)1/1, interlace-mode=(string)progressive
0:00:00.036695690 3471031 0x70dc18000d60 DEBUG        GST_PERFORMANCE gstcaps.c:180:_gst_caps_copy: doing copy 0x3ae84dd0 -> 0x3ae85d60
0:00:00.036703796 3471031     0x3ac6e170 DEBUG                GST_BUS gstbus.c:837:gst_bus_source_dispatch:<bus1> source 0x3ae88120 handler returns 1
0:00:00.036705259 3471031 0x70dc18000d60 DEBUG        basetextoverlay gstbasetextoverlay.c:1501:gst_base_text_overlay_get_videosink_caps:<timeoverlay> returning  video/x-raw, width=(int)1024, height=(int)768, format=(string)A444_16LE, framerate=(fraction)30/1, multiview-mode=(string)mono, pixel-aspect-ratio=(fraction)1/1, interlace-mode=(string)progressive
0:00:00.036709160 3471031 0x70dc18000d60 DEBUG               GST_PADS gstpad.c:4232:gst_pad_query:<timeoverlay:video_sink> sent query 0x70dc0c00dd40 (caps), result 1
0:00:00.036711207 3471031     0x3ac6e170 DEBUG                GST_BUS gstbus.c:573:gst_bus_timed_pop_filtered:<bus1> got message 0x3ae88830, element from DynamicPipeline, type mask is 4294967295
0:00:00.036711803 3471031 0x70dc18000d60 DEBUG               GST_CAPS gstutils.c:3120:gst_pad_query_caps:<timeoverlay:video_sink> query returned video/x-raw, width=(int)1024, height=(int)768, format=(string)A444_16LE, framerate=(fraction)30/1, multiview-mode=(string)mono, pixel-aspect-ratio=(fraction)1/1, interlace-mode=(string)progressive
0:00:00.036715377 3471031     0x3ac6e170 WARN               structure gststructure.c:2099:priv_gst_structure_append_to_gstring: No value transform to serialize field 'message' of type 'GstMessage'
0:00:00.036717671 3471031     0x3ac6e170 DEBUG                GST_BUS gstbus.c:831:gst_bus_source_dispatch:<bus1> source 0x3ae88120 calling dispatch with element message: 0x3ae88830, time 99:99:99.999999999, seq-num 25, element 'DynamicPipeline', GstBinForwarded, message=(GstMessage)NULL;
0:00:00.036717868 3471031 0x70dc18000d60 DEBUG               GST_PADS gstpad.c:3261:gst_pad_query_accept_caps_default:<timeoverlay:video_sink> allowed caps subset video/x-raw, width=(int)1024, height=(int)768, format=(string)A444_16LE, framerate=(fraction)30/1, multiview-mode=(string)mono, pixel-aspect-ratio=(fraction)1/1, interlace-mode=(string)progressive, caps video/x-raw, width=(int)1024, height=(int)768, format=(string)A444_16LE, framerate=(fraction)30/1, multiview-mode=(string)mono, pixel-aspect-ratio=(fraction)1/1, interlace-mode=(string)progressive
0:00:00.036726204 3471031 0x70dc18000d60 DEBUG               GST_PADS gstpad.c:3545:gst_pad_query_default:<timeoverlay:video_sink> not forwarding 0x70dc0c00d9d0 (accept-caps) query
0:00:00.036727971 3471031 0x70dc18000d60 DEBUG               GST_PADS gstpad.c:4232:gst_pad_query:<timeoverlay:video_sink> sent query 0x70dc0c00d9d0 (accept-caps), result 1
0:00:00.036729370 3471031 0x70dc18000d60 DEBUG               GST_CAPS gstutils.c:3202:gst_pad_query_accept_caps:<timeoverlay:video_sink> query returned 1
0:00:00.036732564 3471031 0x70dc18000d60 DEBUG          basetransform gstbasetransform.c:1200:gst_base_transform_find_transform:<capsfilter> Input caps were video/x-raw, format=(string)A444_16LE, width=(int)1024, height=(int)768, framerate=(fraction)30/1, multiview-mode=(string)mono, pixel-aspect-ratio=(fraction)1/1, interlace-mode=(string)progressive, and got final caps video/x-raw, width=(int)1024, height=(int)768, format=(string)A444_16LE, framerate=(fraction)30/1, multiview-mode=(string)mono, pixel-aspect-ratio=(fraction)1/1, interlace-mode=(string)progressive
0:00:00.036735210 3471031 0x70dc18000d60 INFO           basetransform gstbasetransform.c:1326:gst_base_transform_setcaps:<capsfilter> reuse caps
0:00:00.036736829 3471031 0x70dc18000d60 DEBUG               GST_CAPS gstpad.c:2768:gst_pad_get_current_caps:<capsfilter:sink> get current pad caps (NULL)
0:00:00.036743450 3471031 0x70dc18000d60 DEBUG               GST_CAPS gstpad.c:2768:gst_pad_get_current_caps:<capsfilter:src> get current pad caps (NULL)
0:00:00.036749529 3471031 0x70dc18000d60 DEBUG          basetransform gstbasetransform.c:1015:gst_base_transform_configure_caps:<capsfilter> in caps:  video/x-raw, format=(string)A444_16LE, width=(int)1024, height=(int)768, framerate=(fraction)30/1, multiview-mode=(string)mono, pixel-aspect-ratio=(fraction)1/1, interlace-mode=(string)progressive
0:00:00.036751814 3471031 0x70dc18000d60 DEBUG          basetransform gstbasetransform.c:1016:gst_base_transform_configure_caps:<capsfilter> out caps: video/x-raw, format=(string)A444_16LE, width=(int)1024, height=(int)768, framerate=(fraction)30/1, multiview-mode=(string)mono, pixel-aspect-ratio=(fraction)1/1, interlace-mode=(string)progressive
0:00:00.036753442 3471031 0x70dc18000d60 DEBUG          basetransform gstbasetransform.c:1024:gst_base_transform_configure_caps:<capsfilter> have_same_caps: 1
0:00:00.036755552 3471031 0x70dc18000d60 INFO               GST_EVENT gstevent.c:918:gst_event_new_caps: creating caps event video/x-raw, format=(string)A444_16LE, width=(int)1024, height=(int)768, framerate=(fraction)30/1, multiview-mode=(string)mono, pixel-aspect-ratio=(fraction)1/1, interlace-mode=(string)progressive
0:00:00.036757909 3471031 0x70dc18000d60 DEBUG              GST_EVENT gstevent.c:337:gst_event_new_custom: creating new event 0x70dc0c00e590 caps 12814
0:00:00.036759327 3471031 0x70dc18000d60 DEBUG               GST_PADS gstpad.c:5424:store_sticky_event:<capsfilter:src> notify caps
0:00:00.036761012 3471031 0x70dc18000d60 DEBUG               GST_PADS gstpad.c:4141:check_sticky:<capsfilter:src> pushing all sticky events
0:00:00.036762479 3471031 0x70dc18000d60 DEBUG               GST_PADS gstpad.c:4065:push_sticky:<capsfilter:src> event stream-start was already received
0:00:00.036766325 3471031 0x70dc18000d60 DEBUG              GST_EVENT gstpad.c:5892:gst_pad_send_event_unchecked:<timeoverlay:video_sink> have event type caps event: 0x70dc0c00e590, time 99:99:99.999999999, seq-num 49, GstEventCaps, caps=(GstCaps)"video/x-raw\,\ format\=\(string\)A444_16LE\,\ width\=\(int\)1024\,\ height\=\(int\)768\,\ framerate\=\(fraction\)30/1\,\ multiview-mode\=\(string\)mono\,\ pixel-aspect-ratio\=\(fraction\)1/1\,\ interlace-mode\=\(string\)progressive";
0:00:00.036770910 3471031 0x70dc18000d60 DEBUG               GST_CAPS gstutils.c:3196:gst_pad_query_accept_caps:<timeoverlay:video_sink> accept caps of video/x-raw, format=(string)A444_16LE, width=(int)1024, height=(int)768, framerate=(fraction)30/1, multiview-mode=(string)mono, pixel-aspect-ratio=(fraction)1/1, interlace-mode=(string)progressive
0:00:00.036776223 3471031 0x70dc18000d60 DEBUG                  query gstquery.c:680:gst_query_new_custom: creating new query 0x70dc0c007940 accept-caps
0:00:00.036777885 3471031 0x70dc18000d60 DEBUG               GST_PADS gstpad.c:4209:gst_pad_query:<timeoverlay:video_sink> doing query 0x70dc0c007940 (accept-caps)
0:00:00.036781251 3471031 0x70dc18000d60 DEBUG               GST_PADS gstpad.c:3231:gst_pad_query_accept_caps_default:<timeoverlay:video_sink> query accept-caps accept-caps query: 0x70dc0c007940, GstQueryAcceptCaps, caps=(GstCaps)"video/x-raw\,\ format\=\(string\)A444_16LE\,\ width\=\(int\)1024\,\ height\=\(int\)768\,\ framerate\=\(fraction\)30/1\,\ multiview-mode\=\(string\)mono\,\ pixel-aspect-ratio\=\(fraction\)1/1\,\ interlace-mode\=\(string\)progressive", result=(boolean)false;
0:00:00.036783153 3471031 0x70dc18000d60 DEBUG        GST_PERFORMANCE gstpad.c:3248:gst_pad_query_accept_caps_default:<timeoverlay:video_sink> fallback ACCEPT_CAPS query, consider implementing a specialized version
0:00:00.036785233 3471031 0x70dc18000d60 DEBUG               GST_CAPS gstutils.c:3113:gst_pad_query_caps:<timeoverlay:video_sink> get pad caps with filter video/x-raw, format=(string)A444_16LE, width=(int)1024, height=(int)768, framerate=(fraction)30/1, multiview-mode=(string)mono, pixel-aspect-ratio=(fraction)1/1, interlace-mode=(string)progressive
0:00:00.036787197 3471031 0x70dc18000d60 DEBUG                  query gstquery.c:680:gst_query_new_custom: creating new query 0x70dc0c00ae80 caps
0:00:00.036788638 3471031 0x70dc18000d60 DEBUG               GST_PADS gstpad.c:4209:gst_pad_query:<timeoverlay:video_sink> doing query 0x70dc0c00ae80 (caps)
0:00:00.036790160 3471031 0x70dc18000d60 DEBUG        GST_PERFORMANCE gstcaps.c:180:_gst_caps_copy: doing copy 0x70dc0c00ab80 -> 0x70dc0c003160
0:00:00.036796121 3471031 0x70dc18000d60 DEBUG        basetextoverlay gstbasetextoverlay.c:1461:gst_base_text_overlay_get_videosink_caps:<timeoverlay> overlay filter video/x-raw(memory:SystemMemory, meta:GstVideoOverlayComposition), format=(string)A444_16LE, width=(int)1024, height=(int)768, framerate=(fraction)30/1, multiview-mode=(string)mono, pixel-aspect-ratio=(fraction)1/1, interlace-mode=(string)progressive; video/x-raw, format=(string)A444_16LE, width=(int)1024, height=(int)768, framerate=(fraction)30/1, multiview-mode=(string)mono, pixel-aspect-ratio=(fraction)1/1, interlace-mode=(string)progressive
0:00:00.036799652 3471031 0x70dc18000d60 DEBUG               GST_CAPS gstutils.c:3159:gst_pad_peer_query_caps:<timeoverlay:src> get pad peer caps with filter video/x-raw(memory:SystemMemory, meta:GstVideoOverlayComposition), format=(string)A444_16LE, width=(int)1024, height=(int)768, framerate=(fraction)30/1, multiview-mode=(string)mono, pixel-aspect-ratio=(fraction)1/1, interlace-mode=(string)progressive; video/x-raw, format=(string)A444_16LE, width=(int)1024, height=(int)768, framerate=(fraction)30/1, multiview-mode=(string)mono, pixel-aspect-ratio=(fraction)1/1, interlace-mode=(string)progressive
0:00:00.036802057 3471031 0x70dc18000d60 DEBUG                  query gstquery.c:680:gst_query_new_custom: creating new query 0x70dc0c0067b0 caps
0:00:00.036803438 3471031 0x70dc18000d60 DEBUG               GST_PADS gstpad.c:4341:gst_pad_peer_query:<timeoverlay:src> peer query 0x70dc0c0067b0 (caps)
0:00:00.036804783 3471031 0x70dc18000d60 DEBUG               GST_PADS gstpad.c:4209:gst_pad_query:<tee:sink> doing query 0x70dc0c0067b0 (caps)
0:00:00.036811019 3471031 0x70dc18000d60 DEBUG               GST_CAPS gstpad.c:3290:gst_pad_query_caps_default:<tee:sink> query caps caps query: 0x70dc0c0067b0, GstQueryCaps, filter=(GstCaps)"video/x-raw\(memory:SystemMemory\,\ meta:GstVideoOverlayComposition\)\,\ format\=\(string\)A444_16LE\,\ width\=\(int\)1024\,\ height\=\(int\)768\,\ framerate\=\(fraction\)30/1\,\ multiview-mode\=\(string\)mono\,\ pixel-aspect-ratio\=\(fraction\)1/1\,\ interlace-mode\=\(string\)progressive\;\ video/x-raw\,\ format\=\(string\)A444_16LE\,\ width\=\(int\)1024\,\ height\=\(int\)768\,\ framerate\=\(fraction\)30/1\,\ multiview-mode\=\(string\)mono\,\ pixel-aspect-ratio\=\(fraction\)1/1\,\ interlace-mode\=\(string\)progressive", caps=(GstCaps)"NULL";
0:00:00.036813806 3471031 0x70dc18000d60 DEBUG               GST_PADS gstutils.c:2858:gst_pad_proxy_query_caps:<tee:sink> proxying caps query for tee:sink
0:00:00.036815030 3471031 0x70dc18000d60 DEBUG               GST_PADS gstpad.c:2999:gst_pad_iterate_internal_links_default:<tee:sink> Making iterator
0:00:00.036816815 3471031 0x70dc18000d60 DEBUG               GST_PADS gstpad.c:4341:gst_pad_peer_query:<tee:src_0> peer query 0x70dc0c0067b0 (caps)
0:00:00.036818154 3471031 0x70dc18000d60 DEBUG               GST_PADS gstpad.c:4209:gst_pad_query:<fake_queue:sink> doing query 0x70dc0c0067b0 (caps)
0:00:00.036822000 3471031 0x70dc18000d60 DEBUG               GST_CAPS gstpad.c:3290:gst_pad_query_caps_default:<fake_queue:sink> query caps caps query: 0x70dc0c0067b0, GstQueryCaps, filter=(GstCaps)"video/x-raw\(memory:SystemMemory\,\ meta:GstVideoOverlayComposition\)\,\ format\=\(string\)A444_16LE\,\ width\=\(int\)1024\,\ height\=\(int\)768\,\ framerate\=\(fraction\)30/1\,\ multiview-mode\=\(string\)mono\,\ pixel-aspect-ratio\=\(fraction\)1/1\,\ interlace-mode\=\(string\)progressive\;\ video/x-raw\,\ format\=\(string\)A444_16LE\,\ width\=\(int\)1024\,\ height\=\(int\)768\,\ framerate\=\(fraction\)30/1\,\ multiview-mode\=\(string\)mono\,\ pixel-aspect-ratio\=\(fraction\)1/1\,\ interlace-mode\=\(string\)progressive", caps=(GstCaps)"NULL";
0:00:00.036824563 3471031 0x70dc18000d60 DEBUG               GST_PADS gstutils.c:2858:gst_pad_proxy_query_caps:<fake_queue:sink> proxying caps query for fake_queue:sink
0:00:00.036825748 3471031 0x70dc18000d60 DEBUG               GST_PADS gstpad.c:2999:gst_pad_iterate_internal_links_default:<fake_queue:sink> Making iterator
0:00:00.036827368 3471031 0x70dc18000d60 DEBUG               GST_PADS gstpad.c:4341:gst_pad_peer_query:<fake_queue:src> peer query 0x70dc0c0067b0 (caps)
0:00:00.036828722 3471031 0x70dc18000d60 DEBUG               GST_PADS gstpad.c:4209:gst_pad_query:<fake_sink:sink> doing query 0x70dc0c0067b0 (caps)
0:00:00.036830541 3471031 0x70dc18000d60 DEBUG               GST_PADS gstpad.c:4232:gst_pad_query:<fake_sink:sink> sent query 0x70dc0c0067b0 (caps), result 1
0:00:00.036833296 3471031 0x70dc18000d60 DEBUG               GST_PADS gstutils.c:2819:query_caps_func:<fake_queue:src> intersect with result video/x-raw(memory:SystemMemory, meta:GstVideoOverlayComposition), format=(string)A444_16LE, width=(int)1024, height=(int)768, framerate=(fraction)30/1, multiview-mode=(string)mono, pixel-aspect-ratio=(fraction)1/1, interlace-mode=(string)progressive; video/x-raw, format=(string)A444_16LE, width=(int)1024, height=(int)768, framerate=(fraction)30/1, multiview-mode=(string)mono, pixel-aspect-ratio=(fraction)1/1, interlace-mode=(string)progressive
0:00:00.036836547 3471031 0x70dc18000d60 DEBUG               GST_PADS gstutils.c:2822:query_caps_func:<fake_queue:src> intersected video/x-raw(memory:SystemMemory, meta:GstVideoOverlayComposition), format=(string)A444_16LE, width=(int)1024, height=(int)768, framerate=(fraction)30/1, multiview-mode=(string)mono, pixel-aspect-ratio=(fraction)1/1, interlace-mode=(string)progressive; video/x-raw, format=(string)A444_16LE, width=(int)1024, height=(int)768, framerate=(fraction)30/1, multiview-mode=(string)mono, pixel-aspect-ratio=(fraction)1/1, interlace-mode=(string)progressive
0:00:00.036840328 3471031 0x70dc18000d60 DEBUG               GST_PADS gstpad.c:3545:gst_pad_query_default:<fake_queue:sink> not forwarding 0x70dc0c0067b0 (caps) query
0:00:00.036841845 3471031 0x70dc18000d60 DEBUG               GST_PADS gstpad.c:4232:gst_pad_query:<fake_queue:sink> sent query 0x70dc0c0067b0 (caps), result 1
0:00:00.036844435 3471031 0x70dc18000d60 DEBUG               GST_PADS gstutils.c:2819:query_caps_func:<tee:src_0> intersect with result video/x-raw(memory:SystemMemory, meta:GstVideoOverlayComposition), format=(string)A444_16LE, width=(int)1024, height=(int)768, framerate=(fraction)30/1, multiview-mode=(string)mono, pixel-aspect-ratio=(fraction)1/1, interlace-mode=(string)progressive; video/x-raw, format=(string)A444_16LE, width=(int)1024, height=(int)768, framerate=(fraction)30/1, multiview-mode=(string)mono, pixel-aspect-ratio=(fraction)1/1, interlace-mode=(string)progressive
0:00:00.036847706 3471031 0x70dc18000d60 DEBUG               GST_PADS gstutils.c:2822:query_caps_func:<tee:src_0> intersected video/x-raw(memory:SystemMemory, meta:GstVideoOverlayComposition), format=(string)A444_16LE, width=(int)1024, height=(int)768, framerate=(fraction)30/1, multiview-mode=(string)mono, pixel-aspect-ratio=(fraction)1/1, interlace-mode=(string)progressive; video/x-raw, format=(string)A444_16LE, width=(int)1024, height=(int)768, framerate=(fraction)30/1, multiview-mode=(string)mono, pixel-aspect-ratio=(fraction)1/1, interlace-mode=(string)progressive
0:00:00.036850203 3471031 0x70dc18000d60 DEBUG               GST_PADS gstpad.c:3545:gst_pad_query_default:<tee:sink> not forwarding 0x70dc0c0067b0 (caps) query
0:00:00.036851583 3471031 0x70dc18000d60 DEBUG               GST_PADS gstpad.c:4232:gst_pad_query:<tee:sink> sent query 0x70dc0c0067b0 (caps), result 1
0:00:00.036854010 3471031 0x70dc18000d60 DEBUG               GST_CAPS gstutils.c:3166:gst_pad_peer_query_caps:<timeoverlay:src> peer query returned video/x-raw(memory:SystemMemory, meta:GstVideoOverlayComposition), format=(string)A444_16LE, width=(int)1024, height=(int)768, framerate=(fraction)30/1, multiview-mode=(string)mono, pixel-aspect-ratio=(fraction)1/1, interlace-mode=(string)progressive; video/x-raw, format=(string)A444_16LE, width=(int)1024, height=(int)768, framerate=(fraction)30/1, multiview-mode=(string)mono, pixel-aspect-ratio=(fraction)1/1, interlace-mode=(string)progressive
0:00:00.036858869 3471031 0x70dc18000d60 DEBUG        basetextoverlay gstbasetextoverlay.c:1472:gst_base_text_overlay_get_videosink_caps:<timeoverlay:video_sink> peer caps  video/x-raw(memory:SystemMemory, meta:GstVideoOverlayComposition), format=(string)A444_16LE, width=(int)1024, height=(int)768, framerate=(fraction)30/1, multiview-mode=(string)mono, pixel-aspect-ratio=(fraction)1/1, interlace-mode=(string)progressive; video/x-raw, format=(string)A444_16LE, width=(int)1024, height=(int)768, framerate=(fraction)30/1, multiview-mode=(string)mono, pixel-aspect-ratio=(fraction)1/1, interlace-mode=(string)progressive
0:00:00.036861994 3471031 0x70dc18000d60 DEBUG        GST_PERFORMANCE gstcaps.c:180:_gst_caps_copy: doing copy 0x3ae85d60 -> 0x3ae84dd0
0:00:00.036870327 3471031 0x70dc18000d60 DEBUG        basetextoverlay gstbasetextoverlay.c:1501:gst_base_text_overlay_get_videosink_caps:<timeoverlay> returning  video/x-raw, format=(string)A444_16LE, width=(int)1024, height=(int)768, framerate=(fraction)30/1, multiview-mode=(string)mono, pixel-aspect-ratio=(fraction)1/1, interlace-mode=(string)progressive
0:00:00.036872383 3471031 0x70dc18000d60 DEBUG               GST_PADS gstpad.c:4232:gst_pad_query:<timeoverlay:video_sink> sent query 0x70dc0c00ae80 (caps), result 1
0:00:00.036874403 3471031 0x70dc18000d60 DEBUG               GST_CAPS gstutils.c:3120:gst_pad_query_caps:<timeoverlay:video_sink> query returned video/x-raw, format=(string)A444_16LE, width=(int)1024, height=(int)768, framerate=(fraction)30/1, multiview-mode=(string)mono, pixel-aspect-ratio=(fraction)1/1, interlace-mode=(string)progressive
0:00:00.036771786 3471031     0x3ac6e170 DEBUG                GST_BUS gstbus.c:837:gst_bus_source_dispatch:<bus1> source 0x3ae88120 handler returns 1
0:00:00.036877709 3471031 0x70dc18000d60 DEBUG               GST_PADS gstpad.c:3261:gst_pad_query_accept_caps_default:<timeoverlay:video_sink> allowed caps subset video/x-raw, format=(string)A444_16LE, width=(int)1024, height=(int)768, framerate=(fraction)30/1, multiview-mode=(string)mono, pixel-aspect-ratio=(fraction)1/1, interlace-mode=(string)progressive, caps video/x-raw, format=(string)A444_16LE, width=(int)1024, height=(int)768, framerate=(fraction)30/1, multiview-mode=(string)mono, pixel-aspect-ratio=(fraction)1/1, interlace-mode=(string)progressive
0:00:00.036891964 3471031 0x70dc18000d60 DEBUG               GST_PADS gstpad.c:3545:gst_pad_query_default:<timeoverlay:video_sink> not forwarding 0x70dc0c007940 (accept-caps) query
0:00:00.036893577 3471031 0x70dc18000d60 DEBUG               GST_PADS gstpad.c:4232:gst_pad_query:<timeoverlay:video_sink> sent query 0x70dc0c007940 (accept-caps), result 1
0:00:00.036894923 3471031 0x70dc18000d60 DEBUG               GST_CAPS gstutils.c:3202:gst_pad_query_accept_caps:<timeoverlay:video_sink> query returned 1
0:00:00.036896524 3471031 0x70dc18000d60 DEBUG        basetextoverlay gstbasetextoverlay.c:2523:gst_base_text_overlay_video_event:<timeoverlay:video_sink> received event caps
0:00:00.036904058 3471031 0x70dc18000d60 DEBUG             video-info video-info.c:406:gst_video_info_from_caps: parsing caps video/x-raw, format=(string)A444_16LE, width=(int)1024, height=(int)768, framerate=(fraction)30/1, multiview-mode=(string)mono, pixel-aspect-ratio=(fraction)1/1, interlace-mode=(string)progressive
0:00:00.036896611 3471031     0x3ac6e170 DEBUG                GST_BUS gstbus.c:573:gst_bus_timed_pop_filtered:<bus1> got message 0x3ae89020, stream-status from src, type mask is 4294967295
0:00:00.036907154 3471031 0x70dc18000d60 DEBUG             video-info video-info.c:528:gst_video_info_from_caps: no colorimetry, using default
0:00:00.036912784 3471031 0x70dc18000d60 DEBUG        basetextoverlay gstbasetextoverlay.c:852:gst_base_text_overlay_negotiate:<timeoverlay> performing negotiation
0:00:00.036914110 3471031 0x70dc18000d60 DEBUG               GST_PADS gstpad.c:1686:gst_pad_check_reconfigure:<timeoverlay:src> remove RECONFIGURE flag
0:00:00.036915853 3471031 0x70dc18000d60 DEBUG        GST_PERFORMANCE gstcaps.c:180:_gst_caps_copy: doing copy 0x70dc0c00ab80 -> 0x70dc0c0082a0
0:00:00.036917016 3471031     0x3ac6e170 DEBUG                GST_BUS gstbus.c:831:gst_bus_source_dispatch:<bus1> source 0x3ae88120 calling dispatch with stream-status message: 0x3ae89020, time 99:99:99.999999999, seq-num 26, element 'src', GstMessageStreamStatus, type=(GstStreamStatusType)create, owner=(GstElement)"\(GstQueue\)\ fake_queue", object=(GstTask)"\(GstTask\)\ fake_queue:src";
0:00:00.036918724 3471031 0x70dc18000d60 DEBUG               GST_CAPS gstutils.c:3159:gst_pad_peer_query_caps:<timeoverlay:src> get pad peer caps with filter video/x-raw(memory:SystemMemory, meta:GstVideoOverlayComposition), format=(string)A444_16LE, width=(int)1024, height=(int)768, framerate=(fraction)30/1, multiview-mode=(string)mono, pixel-aspect-ratio=(fraction)1/1, interlace-mode=(string)progressive
0:00:00.036923518 3471031 0x70dc18000d60 DEBUG                  query gstquery.c:680:gst_query_new_custom: creating new query 0x70dc0c00aad0 caps
0:00:00.036925076 3471031 0x70dc18000d60 DEBUG               GST_PADS gstpad.c:4341:gst_pad_peer_query:<timeoverlay:src> peer query 0x70dc0c00aad0 (caps)
0:00:00.036926522 3471031 0x70dc18000d60 DEBUG               GST_PADS gstpad.c:4209:gst_pad_query:<tee:sink> doing query 0x70dc0c00aad0 (caps)
0:00:00.036930046 3471031 0x70dc18000d60 DEBUG               GST_CAPS gstpad.c:3290:gst_pad_query_caps_default:<tee:sink> query caps caps query: 0x70dc0c00aad0, GstQueryCaps, filter=(GstCaps)"video/x-raw\(memory:SystemMemory\,\ meta:GstVideoOverlayComposition\)\,\ format\=\(string\)A444_16LE\,\ width\=\(int\)1024\,\ height\=\(int\)768\,\ framerate\=\(fraction\)30/1\,\ multiview-mode\=\(string\)mono\,\ pixel-aspect-ratio\=\(fraction\)1/1\,\ interlace-mode\=\(string\)progressive", caps=(GstCaps)"NULL";
0:00:00.036933552 3471031 0x70dc18000d60 DEBUG               GST_PADS gstutils.c:2858:gst_pad_proxy_query_caps:<tee:sink> proxying caps query for tee:sink
0:00:00.036934813 3471031 0x70dc18000d60 DEBUG               GST_PADS gstpad.c:2999:gst_pad_iterate_internal_links_default:<tee:sink> Making iterator
0:00:00.036936575 3471031 0x70dc18000d60 DEBUG               GST_PADS gstpad.c:4341:gst_pad_peer_query:<tee:src_0> peer query 0x70dc0c00aad0 (caps)
0:00:00.036937943 3471031 0x70dc18000d60 DEBUG               GST_PADS gstpad.c:4209:gst_pad_query:<fake_queue:sink> doing query 0x70dc0c00aad0 (caps)
0:00:00.036940837 3471031 0x70dc18000d60 DEBUG               GST_CAPS gstpad.c:3290:gst_pad_query_caps_default:<fake_queue:sink> query caps caps query: 0x70dc0c00aad0, GstQueryCaps, filter=(GstCaps)"video/x-raw\(memory:SystemMemory\,\ meta:GstVideoOverlayComposition\)\,\ format\=\(string\)A444_16LE\,\ width\=\(int\)1024\,\ height\=\(int\)768\,\ framerate\=\(fraction\)30/1\,\ multiview-mode\=\(string\)mono\,\ pixel-aspect-ratio\=\(fraction\)1/1\,\ interlace-mode\=\(string\)progressive", caps=(GstCaps)"NULL";
0:00:00.036943099 3471031 0x70dc18000d60 DEBUG               GST_PADS gstutils.c:2858:gst_pad_proxy_query_caps:<fake_queue:sink> proxying caps query for fake_queue:sink
0:00:00.036944277 3471031 0x70dc18000d60 DEBUG               GST_PADS gstpad.c:2999:gst_pad_iterate_internal_links_default:<fake_queue:sink> Making iterator
0:00:00.036945858 3471031 0x70dc18000d60 DEBUG               GST_PADS gstpad.c:4341:gst_pad_peer_query:<fake_queue:src> peer query 0x70dc0c00aad0 (caps)
0:00:00.036947180 3471031 0x70dc18000d60 DEBUG               GST_PADS gstpad.c:4209:gst_pad_query:<fake_sink:sink> doing query 0x70dc0c00aad0 (caps)
0:00:00.036948896 3471031 0x70dc18000d60 DEBUG               GST_PADS gstpad.c:4232:gst_pad_query:<fake_sink:sink> sent query 0x70dc0c00aad0 (caps), result 1
0:00:00.036949495 3471031     0x3ac6e170 DEBUG                GST_BUS gstbus.c:837:gst_bus_source_dispatch:<bus1> source 0x3ae88120 handler returns 1
0:00:00.036955154 3471031     0x3ac6e170 DEBUG                GST_BUS gstbus.c:573:gst_bus_timed_pop_filtered:<bus1> got message 0x3ae89310, state-changed from fake_queue, type mask is 4294967295
0:00:00.036955560 3471031 0x70dc18000d60 DEBUG               GST_PADS gstutils.c:2819:query_caps_func:<fake_queue:src> intersect with result video/x-raw(memory:SystemMemory, meta:GstVideoOverlayComposition), format=(string)A444_16LE, width=(int)1024, height=(int)768, framerate=(fraction)30/1, multiview-mode=(string)mono, pixel-aspect-ratio=(fraction)1/1, interlace-mode=(string)progressive
0:00:00.036959481 3471031     0x3ac6e170 DEBUG                GST_BUS gstbus.c:831:gst_bus_source_dispatch:<bus1> source 0x3ae88120 calling dispatch with state-changed message: 0x3ae89310, time 99:99:99.999999999, seq-num 27, element 'fake_queue', GstMessageStateChanged, old-state=(GstState)ready, new-state=(GstState)paused, pending-state=(GstState)void-pending;
0:00:00.036960604 3471031 0x70dc18000d60 DEBUG               GST_PADS gstutils.c:2822:query_caps_func:<fake_queue:src> intersected video/x-raw(memory:SystemMemory, meta:GstVideoOverlayComposition), format=(string)A444_16LE, width=(int)1024, height=(int)768, framerate=(fraction)30/1, multiview-mode=(string)mono, pixel-aspect-ratio=(fraction)1/1, interlace-mode=(string)progressive
0:00:00.036965278 3471031 0x70dc18000d60 DEBUG               GST_PADS gstpad.c:3545:gst_pad_query_default:<fake_queue:sink> not forwarding 0x70dc0c00aad0 (caps) query
0:00:00.036966770 3471031 0x70dc18000d60 DEBUG               GST_PADS gstpad.c:4232:gst_pad_query:<fake_queue:sink> sent query 0x70dc0c00aad0 (caps), result 1
0:00:00.036968992 3471031 0x70dc18000d60 DEBUG               GST_PADS gstutils.c:2819:query_caps_func:<tee:src_0> intersect with result video/x-raw(memory:SystemMemory, meta:GstVideoOverlayComposition), format=(string)A444_16LE, width=(int)1024, height=(int)768, framerate=(fraction)30/1, multiview-mode=(string)mono, pixel-aspect-ratio=(fraction)1/1, interlace-mode=(string)progressive
