0:00:00.036973125 3471031 0x70dc18000d60 DEBUG               GST_PADS gstutils.c:2822:query_caps_func:<tee:src_0> intersected video/x-raw(memory:SystemMemory, meta:GstVideoOverlayComposition), format=(string)A444_16LE, width=(int)1024, height=(int)768, framerate=(fraction)30/1, multiview-mode=(string)mono, pixel-aspect-ratio=(fraction)1/1, interlace-mode=(string)progressive
0:00:00.036975186 3471031 0x70dc18000d60 DEBUG               GST_PADS gstpad.c:3545:gst_pad_query_default:<tee:sink> not forwarding 0x70dc0c00aad0 (caps) query
0:00:00.036976660 3471031 0x70dc18000d60 DEBUG               GST_PADS gstpad.c:4232:gst_pad_query:<tee:sink> sent query 0x70dc0c00aad0 (caps), result 1
0:00:00.036978808 3471031 0x70dc18000d60 DEBUG               GST_CAPS gstutils.c:3166:gst_pad_peer_query_caps:<timeoverlay:src> peer query returned video/x-raw(memory:SystemMemory, meta:GstVideoOverlayComposition), format=(string)A444_16LE, width=(int)1024, height=(int)768, framerate=(fraction)30/1, multiview-mode=(string)mono, pixel-aspect-ratio=(fraction)1/1, interlace-mode=(string)progressive
0:00:00.036980860 3471031 0x70dc18000d60 DEBUG        basetextoverlay gstbasetextoverlay.c:896:gst_base_text_overlay_negotiate:<timeoverlay> caps have overlay meta 1
0:00:00.036983010 3471031 0x70dc18000d60 INFO               GST_EVENT gstevent.c:918:gst_event_new_caps: creating caps event video/x-raw(memory:SystemMemory, meta:GstVideoOverlayComposition), format=(string)A444_16LE, width=(int)1024, height=(int)768, framerate=(fraction)30/1, multiview-mode=(string)mono, pixel-aspect-ratio=(fraction)1/1, interlace-mode=(string)progressive
0:00:00.036986497 3471031 0x70dc18000d60 DEBUG              GST_EVENT gstevent.c:337:gst_event_new_custom: creating new event 0x70dc0c0165f0 caps 12814
0:00:00.036988370 3471031 0x70dc18000d60 DEBUG               GST_PADS gstpad.c:5424:store_sticky_event:<timeoverlay:src> notify caps
0:00:00.036983391 3471031     0x3ac6e170 DEBUG                GST_BUS gstbus.c:837:gst_bus_source_dispatch:<bus1> source 0x3ae88120 handler returns 1
0:00:00.036994149 3471031     0x3ac6e170 DEBUG                GST_BUS gstbus.c:573:gst_bus_timed_pop_filtered:<bus1> got message 0x3ae88af0, state-changed from tee, type mask is 4294967295
0:00:00.036994297 3471031 0x70dc18000d60 DEBUG               GST_PADS gstpad.c:4141:check_sticky:<timeoverlay:src> pushing all sticky events
0:00:00.037000152 3471031 0x70dc18000d60 DEBUG               GST_PADS gstpad.c:4065:push_sticky:<timeoverlay:src> event stream-start was already received
0:00:00.036998101 3471031     0x3ac6e170 DEBUG                GST_BUS gstbus.c:831:gst_bus_source_dispatch:<bus1> source 0x3ae88120 calling dispatch with state-changed message: 0x3ae88af0, time 99:99:99.999999999, seq-num 28, element 'tee', GstMessageStateChanged, old-state=(GstState)ready, new-state=(GstState)paused, pending-state=(GstState)void-pending;
0:00:00.037006176 3471031 0x70dc18000d60 DEBUG              GST_EVENT gstpad.c:5892:gst_pad_send_event_unchecked:<tee:sink> have event type caps event: 0x70dc0c0165f0, time 99:99:99.999999999, seq-num 50, GstEventCaps, caps=(GstCaps)"video/x-raw\(memory:SystemMemory\,\ meta:GstVideoOverlayComposition\)\,\ format\=\(string\)A444_16LE\,\ width\=\(int\)1024\,\ height\=\(int\)768\,\ framerate\=\(fraction\)30/1\,\ multiview-mode\=\(string\)mono\,\ pixel-aspect-ratio\=\(fraction\)1/1\,\ interlace-mode\=\(string\)progressive";
0:00:00.037009461 3471031 0x70dc18000d60 DEBUG               GST_CAPS gstutils.c:3196:gst_pad_query_accept_caps:<tee:sink> accept caps of video/x-raw(memory:SystemMemory, meta:GstVideoOverlayComposition), format=(string)A444_16LE, width=(int)1024, height=(int)768, framerate=(fraction)30/1, multiview-mode=(string)mono, pixel-aspect-ratio=(fraction)1/1, interlace-mode=(string)progressive
0:00:00.037011924 3471031 0x70dc18000d60 DEBUG                  query gstquery.c:680:gst_query_new_custom: creating new query 0x70dc0c016c20 accept-caps
0:00:00.037014873 3471031 0x70dc18000d60 DEBUG               GST_PADS gstpad.c:4209:gst_pad_query:<tee:sink> doing query 0x70dc0c016c20 (accept-caps)
0:00:00.037018025 3471031 0x70dc18000d60 DEBUG               GST_PADS gstpad.c:3231:gst_pad_query_accept_caps_default:<tee:sink> query accept-caps accept-caps query: 0x70dc0c016c20, GstQueryAcceptCaps, caps=(GstCaps)"video/x-raw\(memory:SystemMemory\,\ meta:GstVideoOverlayComposition\)\,\ format\=\(string\)A444_16LE\,\ width\=\(int\)1024\,\ height\=\(int\)768\,\ framerate\=\(fraction\)30/1\,\ multiview-mode\=\(string\)mono\,\ pixel-aspect-ratio\=\(fraction\)1/1\,\ interlace-mode\=\(string\)progressive", result=(boolean)false;
0:00:00.037021152 3471031 0x70dc18000d60 DEBUG               GST_PADS gstutils.c:2787:gst_pad_proxy_query_accept_caps:<tee:sink> proxying accept caps query for tee:sink
0:00:00.037023043 3471031 0x70dc18000d60 DEBUG               GST_PADS gstpad.c:2999:gst_pad_iterate_internal_links_default:<tee:sink> Making iterator
0:00:00.037024892 3471031 0x70dc18000d60 DEBUG               GST_PADS gstpad.c:4341:gst_pad_peer_query:<tee:src_0> peer query 0x70dc0c016c20 (accept-caps)
0:00:00.037026248 3471031 0x70dc18000d60 DEBUG               GST_PADS gstpad.c:4209:gst_pad_query:<fake_queue:sink> doing query 0x70dc0c016c20 (accept-caps)
0:00:00.037018908 3471031     0x3ac6e170 DEBUG                GST_BUS gstbus.c:837:gst_bus_source_dispatch:<bus1> source 0x3ae88120 handler returns 1
0:00:00.037030212 3471031 0x70dc18000d60 DEBUG               GST_PADS gstpad.c:3231:gst_pad_query_accept_caps_default:<fake_queue:sink> query accept-caps accept-caps query: 0x70dc0c016c20, GstQueryAcceptCaps, caps=(GstCaps)"video/x-raw\(memory:SystemMemory\,\ meta:GstVideoOverlayComposition\)\,\ format\=\(string\)A444_16LE\,\ width\=\(int\)1024\,\ height\=\(int\)768\,\ framerate\=\(fraction\)30/1\,\ multiview-mode\=\(string\)mono\,\ pixel-aspect-ratio\=\(fraction\)1/1\,\ interlace-mode\=\(string\)progressive", result=(boolean)false;
0:00:00.037032867 3471031 0x70dc18000d60 DEBUG               GST_PADS gstutils.c:2787:gst_pad_proxy_query_accept_caps:<fake_queue:sink> proxying accept caps query for fake_queue:sink
0:00:00.037034588 3471031 0x70dc18000d60 DEBUG               GST_PADS gstpad.c:2999:gst_pad_iterate_internal_links_default:<fake_queue:sink> Making iterator
0:00:00.037036676 3471031 0x70dc18000d60 DEBUG               GST_PADS gstpad.c:4341:gst_pad_peer_query:<fake_queue:src> peer query 0x70dc0c016c20 (accept-caps)
0:00:00.037038428 3471031 0x70dc18000d60 DEBUG               GST_PADS gstpad.c:4209:gst_pad_query:<fake_sink:sink> doing query 0x70dc0c016c20 (accept-caps)
0:00:00.037033279 3471031     0x3ac6e170 DEBUG                GST_BUS gstbus.c:573:gst_bus_timed_pop_filtered:<bus1> got message 0x70dc14000ea0, stream-status from src, type mask is 4294967295
0:00:00.037041656 3471031 0x70dc18000d60 DEBUG               basesink gstbasesink.c:5629:gst_base_sink_default_query:<fake_sink> Checking if requested caps video/x-raw(memory:SystemMemory, meta:GstVideoOverlayComposition), format=(string)A444_16LE, width=(int)1024, height=(int)768, framerate=(fraction)30/1, multiview-mode=(string)mono, pixel-aspect-ratio=(fraction)1/1, interlace-mode=(string)progressive are a subset of pad caps ANY result 1
0:00:00.037046726 3471031 0x70dc18000d60 DEBUG               GST_PADS gstpad.c:4232:gst_pad_query:<fake_sink:sink> sent query 0x70dc0c016c20 (accept-caps), result 1
0:00:00.037048898 3471031 0x70dc18000d60 DEBUG               GST_PADS gstutils.c:2798:gst_pad_proxy_query_accept_caps:<fake_queue:sink> proxying accept caps query: 1
0:00:00.037051343 3471031 0x70dc18000d60 DEBUG               GST_PADS gstpad.c:3261:gst_pad_query_accept_caps_default:<fake_queue:sink> allowed caps subset ANY, caps video/x-raw(memory:SystemMemory, meta:GstVideoOverlayComposition), format=(string)A444_16LE, width=(int)1024, height=(int)768, framerate=(fraction)30/1, multiview-mode=(string)mono, pixel-aspect-ratio=(fraction)1/1, interlace-mode=(string)progressive
0:00:00.037054349 3471031 0x70dc18000d60 DEBUG               GST_PADS gstpad.c:3545:gst_pad_query_default:<fake_queue:sink> not forwarding 0x70dc0c016c20 (accept-caps) query
0:00:00.037046734 3471031     0x3ac6e170 DEBUG                GST_BUS gstbus.c:831:gst_bus_source_dispatch:<bus1> source 0x3ae88120 calling dispatch with stream-status message: 0x70dc14000ea0, time 99:99:99.999999999, seq-num 29, element 'src', GstMessageStreamStatus, type=(GstStreamStatusType)enter, owner=(GstElement)"\(GstQueue\)\ fake_queue", object=(GstTask)"\(GstTask\)\ fake_queue:src";
0:00:00.037057095 3471031 0x70dc18000d60 DEBUG               GST_PADS gstpad.c:4232:gst_pad_query:<fake_queue:sink> sent query 0x70dc0c016c20 (accept-caps), result 1
0:00:00.037063052 3471031 0x70dc18000d60 DEBUG               GST_PADS gstutils.c:2798:gst_pad_proxy_query_accept_caps:<tee:sink> proxying accept caps query: 1
0:00:00.037066790 3471031 0x70dc18000d60 DEBUG               GST_PADS gstpad.c:3261:gst_pad_query_accept_caps_default:<tee:sink> allowed caps subset ANY, caps video/x-raw(memory:SystemMemory, meta:GstVideoOverlayComposition), format=(string)A444_16LE, width=(int)1024, height=(int)768, framerate=(fraction)30/1, multiview-mode=(string)mono, pixel-aspect-ratio=(fraction)1/1, interlace-mode=(string)progressive
0:00:00.037068887 3471031 0x70dc18000d60 DEBUG               GST_PADS gstpad.c:3545:gst_pad_query_default:<tee:sink> not forwarding 0x70dc0c016c20 (accept-caps) query
0:00:00.037070302 3471031 0x70dc18000d60 DEBUG               GST_PADS gstpad.c:4232:gst_pad_query:<tee:sink> sent query 0x70dc0c016c20 (accept-caps), result 1
0:00:00.037071618 3471031 0x70dc18000d60 DEBUG               GST_CAPS gstutils.c:3202:gst_pad_query_accept_caps:<tee:sink> query returned 1
0:00:00.037073511 3471031 0x70dc18000d60 DEBUG               GST_PADS gstpad.c:2999:gst_pad_iterate_internal_links_default:<tee:sink> Making iterator
0:00:00.037074951 3471031 0x70dc18000d60 DEBUG               GST_PADS gstpad.c:5424:store_sticky_event:<tee:src_0> notify caps
0:00:00.037076114 3471031 0x70dc18000d60 DEBUG               GST_PADS gstpad.c:4141:check_sticky:<tee:src_0> pushing all sticky events
0:00:00.037077846 3471031 0x70dc18000d60 DEBUG               GST_PADS gstpad.c:4065:push_sticky:<tee:src_0> event stream-start was already received
0:00:00.037071813 3471031     0x3ac6e170 DEBUG                GST_BUS gstbus.c:837:gst_bus_source_dispatch:<bus1> source 0x3ae88120 handler returns 1
0:00:00.037083181 3471031     0x3ac6e170 DEBUG                GST_BUS gstbus.c:573:gst_bus_timed_pop_filtered:<bus1> got message 0x3ae8a220, state-changed from timeoverlay, type mask is 4294967295
0:00:00.037085260 3471031 0x70dc18000d60 DEBUG              GST_EVENT gstpad.c:5892:gst_pad_send_event_unchecked:<fake_queue:sink> have event type caps event: 0x70dc0c0165f0, time 99:99:99.999999999, seq-num 50, GstEventCaps, caps=(GstCaps)"video/x-raw\(memory:SystemMemory\,\ meta:GstVideoOverlayComposition\)\,\ format\=\(string\)A444_16LE\,\ width\=\(int\)1024\,\ height\=\(int\)768\,\ framerate\=\(fraction\)30/1\,\ multiview-mode\=\(string\)mono\,\ pixel-aspect-ratio\=\(fraction\)1/1\,\ interlace-mode\=\(string\)progressive";
0:00:00.037086475 3471031     0x3ac6e170 DEBUG                GST_BUS gstbus.c:831:gst_bus_source_dispatch:<bus1> source 0x3ae88120 calling dispatch with state-changed message: 0x3ae8a220, time 99:99:99.999999999, seq-num 30, element 'timeoverlay', GstMessageStateChanged, old-state=(GstState)ready, new-state=(GstState)paused, pending-state=(GstState)void-pending;
0:00:00.037088982 3471031 0x70dc18000d60 DEBUG               GST_CAPS gstutils.c:3196:gst_pad_query_accept_caps:<fake_queue:sink> accept caps of video/x-raw(memory:SystemMemory, meta:GstVideoOverlayComposition), format=(string)A444_16LE, width=(int)1024, height=(int)768, framerate=(fraction)30/1, multiview-mode=(string)mono, pixel-aspect-ratio=(fraction)1/1, interlace-mode=(string)progressive
0:00:00.037095562 3471031 0x70dc18000d60 DEBUG                  query gstquery.c:680:gst_query_new_custom: creating new query 0x70dc0c016c20 accept-caps
0:00:00.037098351 3471031 0x70dc18000d60 DEBUG               GST_PADS gstpad.c:4209:gst_pad_query:<fake_queue:sink> doing query 0x70dc0c016c20 (accept-caps)
0:00:00.037101379 3471031 0x70dc18000d60 DEBUG               GST_PADS gstpad.c:3231:gst_pad_query_accept_caps_default:<fake_queue:sink> query accept-caps accept-caps query: 0x70dc0c016c20, GstQueryAcceptCaps, caps=(GstCaps)"video/x-raw\(memory:SystemMemory\,\ meta:GstVideoOverlayComposition\)\,\ format\=\(string\)A444_16LE\,\ width\=\(int\)1024\,\ height\=\(int\)768\,\ framerate\=\(fraction\)30/1\,\ multiview-mode\=\(string\)mono\,\ pixel-aspect-ratio\=\(fraction\)1/1\,\ interlace-mode\=\(string\)progressive", result=(boolean)false;
0:00:00.037103818 3471031 0x70dc18000d60 DEBUG               GST_PADS gstutils.c:2787:gst_pad_proxy_query_accept_caps:<fake_queue:sink> proxying accept caps query for fake_queue:sink
0:00:00.037104963 3471031 0x70dc18000d60 DEBUG               GST_PADS gstpad.c:2999:gst_pad_iterate_internal_links_default:<fake_queue:sink> Making iterator
0:00:00.037105780 3471031     0x3ac6e170 DEBUG                GST_BUS gstbus.c:837:gst_bus_source_dispatch:<bus1> source 0x3ae88120 handler returns 1
0:00:00.037109680 3471031     0x3ac6e170 DEBUG                GST_BUS gstbus.c:573:gst_bus_timed_pop_filtered:<bus1> got message 0x3ae8a540, state-changed from capsfilter, type mask is 4294967295
0:00:00.037106675 3471031 0x70dc18000d60 DEBUG               GST_PADS gstpad.c:4341:gst_pad_peer_query:<fake_queue:src> peer query 0x70dc0c016c20 (accept-caps)
0:00:00.037112715 3471031     0x3ac6e170 DEBUG                GST_BUS gstbus.c:831:gst_bus_source_dispatch:<bus1> source 0x3ae88120 calling dispatch with state-changed message: 0x3ae8a540, time 99:99:99.999999999, seq-num 31, element 'capsfilter', GstMessageStateChanged, old-state=(GstState)ready, new-state=(GstState)paused, pending-state=(GstState)void-pending;
0:00:00.037113027 3471031 0x70dc18000d60 DEBUG               GST_PADS gstpad.c:4209:gst_pad_query:<fake_sink:sink> doing query 0x70dc0c016c20 (accept-caps)
0:00:00.037119770 3471031 0x70dc18000d60 DEBUG               basesink gstbasesink.c:5629:gst_base_sink_default_query:<fake_sink> Checking if requested caps video/x-raw(memory:SystemMemory, meta:GstVideoOverlayComposition), format=(string)A444_16LE, width=(int)1024, height=(int)768, framerate=(fraction)30/1, multiview-mode=(string)mono, pixel-aspect-ratio=(fraction)1/1, interlace-mode=(string)progressive are a subset of pad caps ANY result 1
0:00:00.037121982 3471031 0x70dc18000d60 DEBUG               GST_PADS gstpad.c:4232:gst_pad_query:<fake_sink:sink> sent query 0x70dc0c016c20 (accept-caps), result 1
0:00:00.037123557 3471031 0x70dc18000d60 DEBUG               GST_PADS gstutils.c:2798:gst_pad_proxy_query_accept_caps:<fake_queue:sink> proxying accept caps query: 1
0:00:00.037125697 3471031 0x70dc18000d60 DEBUG               GST_PADS gstpad.c:3261:gst_pad_query_accept_caps_default:<fake_queue:sink> allowed caps subset ANY, caps video/x-raw(memory:SystemMemory, meta:GstVideoOverlayComposition), format=(string)A444_16LE, width=(int)1024, height=(int)768, framerate=(fraction)30/1, multiview-mode=(string)mono, pixel-aspect-ratio=(fraction)1/1, interlace-mode=(string)progressive
0:00:00.037127514 3471031     0x3ac6e170 DEBUG                GST_BUS gstbus.c:837:gst_bus_source_dispatch:<bus1> source 0x3ae88120 handler returns 1
0:00:00.037131277 3471031     0x3ac6e170 DEBUG                GST_BUS gstbus.c:573:gst_bus_timed_pop_filtered:<bus1> got message 0x3ae8a850, stream-status from src, type mask is 4294967295
0:00:00.037127924 3471031 0x70dc18000d60 DEBUG               GST_PADS gstpad.c:3545:gst_pad_query_default:<fake_queue:sink> not forwarding 0x70dc0c016c20 (accept-caps) query
0:00:00.037136228 3471031     0x3ac6e170 DEBUG                GST_BUS gstbus.c:831:gst_bus_source_dispatch:<bus1> source 0x3ae88120 calling dispatch with stream-status message: 0x3ae8a850, time 99:99:99.999999999, seq-num 34, element 'src', GstMessageStreamStatus, type=(GstStreamStatusType)create, owner=(GstElement)"\(GstVideoTestSrc\)\ src", object=(GstTask)"\(GstTask\)\ src:src";
0:00:00.037137023 3471031 0x70dc18000d60 DEBUG               GST_PADS gstpad.c:4232:gst_pad_query:<fake_queue:sink> sent query 0x70dc0c016c20 (accept-caps), result 1
0:00:00.037144645 3471031 0x70dc18000d60 DEBUG               GST_CAPS gstutils.c:3202:gst_pad_query_accept_caps:<fake_queue:sink> query returned 1
0:00:00.037147205 3471031 0x70dc18000d60 DEBUG               GST_PADS gstpad.c:5986:gst_pad_send_event_unchecked:<fake_queue:sink> sent event, ret ok
0:00:00.037148363 3471031 0x70dc18000d60 DEBUG               GST_PADS gstpad.c:5424:store_sticky_event:<fake_queue:sink> notify caps
0:00:00.037150319 3471031 0x70dc18000d60 DEBUG               GST_PADS gstpad.c:4092:push_sticky:<tee:src_0> event caps marked received
0:00:00.037151920 3471031 0x70dc18000d60 DEBUG               GST_PADS gstpad.c:5986:gst_pad_send_event_unchecked:<tee:sink> sent event, ret ok
0:00:00.037154205 3471031     0x3ac6e170 DEBUG                GST_BUS gstbus.c:837:gst_bus_source_dispatch:<bus1> source 0x3ae88120 handler returns 1
0:00:00.037152236 3471031 0x70dc18000b70 DEBUG         queue_dataflow gstqueue.c:1575:gst_queue_loop:<fake_queue> queue is not empty
0:00:00.037158203 3471031     0x3ac6e170 DEBUG                GST_BUS gstbus.c:573:gst_bus_timed_pop_filtered:<bus1> got message 0x3ae8b040, state-changed from src, type mask is 4294967295
0:00:00.037160235 3471031 0x70dc18000d60 DEBUG               GST_PADS gstpad.c:5424:store_sticky_event:<tee:sink> notify caps
0:00:00.037162188 3471031 0x70dc18000d60 DEBUG               GST_PADS gstpad.c:4092:push_sticky:<timeoverlay:src> event caps marked received
0:00:00.037163694 3471031 0x70dc18000b70 DEBUG               GST_PADS gstpad.c:5424:store_sticky_event:<fake_queue:src> notify caps
0:00:00.037164733 3471031 0x70dc18000d60 DEBUG                  query gstquery.c:680:gst_query_new_custom: creating new query 0x70dc0c016c20 allocation
0:00:00.037168627 3471031 0x70dc18000b70 DEBUG               GST_PADS gstpad.c:4141:check_sticky:<fake_queue:src> pushing all sticky events
0:00:00.037169279 3471031 0x70dc18000d60 DEBUG               GST_PADS gstpad.c:4341:gst_pad_peer_query:<timeoverlay:src> peer query 0x70dc0c016c20 (allocation)
0:00:00.037173886 3471031 0x70dc18000d60 DEBUG               GST_PADS gstpad.c:4209:gst_pad_query:<tee:sink> doing query 0x70dc0c016c20 (allocation)
0:00:00.037176748 3471031 0x70dc18000d60 DEBUG                    tee gsttee.c:594:gst_tee_query_allocation:<tee> Aggregating allocation from pad tee:src_0
0:00:00.037178988 3471031 0x70dc18000d60 DEBUG                  query gstquery.c:680:gst_query_new_custom: creating new query 0x70dc0c0175d0 allocation
0:00:00.037180928 3471031 0x70dc18000d60 DEBUG               GST_PADS gstpad.c:4209:gst_pad_query:<fake_queue:sink> doing query 0x70dc0c0175d0 (allocation)
0:00:00.037171925 3471031 0x70dc18000b70 DEBUG               GST_PADS gstpad.c:4065:push_sticky:<fake_queue:src> event stream-start was already received
0:00:00.037162825 3471031     0x3ac6e170 DEBUG                GST_BUS gstbus.c:831:gst_bus_source_dispatch:<bus1> source 0x3ae88120 calling dispatch with state-changed message: 0x3ae8b040, time 99:99:99.999999999, seq-num 35, element 'src', GstMessageStateChanged, old-state=(GstState)ready, new-state=(GstState)paused, pending-state=(GstState)void-pending;
0:00:00.037193298 3471031 0x70dc18000b70 DEBUG              GST_EVENT gstpad.c:5892:gst_pad_send_event_unchecked:<fake_sink:sink> have event type caps event: 0x70dc0c0165f0, time 99:99:99.999999999, seq-num 50, GstEventCaps, caps=(GstCaps)"video/x-raw\(memory:SystemMemory\,\ meta:GstVideoOverlayComposition\)\,\ format\=\(string\)A444_16LE\,\ width\=\(int\)1024\,\ height\=\(int\)768\,\ framerate\=\(fraction\)30/1\,\ multiview-mode\=\(string\)mono\,\ pixel-aspect-ratio\=\(fraction\)1/1\,\ interlace-mode\=\(string\)progressive";
0:00:00.037199749 3471031 0x70dc18000b70 DEBUG               GST_CAPS gstutils.c:3196:gst_pad_query_accept_caps:<fake_sink:sink> accept caps of video/x-raw(memory:SystemMemory, meta:GstVideoOverlayComposition), format=(string)A444_16LE, width=(int)1024, height=(int)768, framerate=(fraction)30/1, multiview-mode=(string)mono, pixel-aspect-ratio=(fraction)1/1, interlace-mode=(string)progressive
0:00:00.037202498 3471031     0x3ac6e170 DEBUG                GST_BUS gstbus.c:837:gst_bus_source_dispatch:<bus1> source 0x3ae88120 handler returns 1
0:00:00.037210353 3471031 0x70dc18000b70 DEBUG                  query gstquery.c:680:gst_query_new_custom: creating new query 0x70dc14000eb0 accept-caps
0:00:00.037216234 3471031     0x3ac6e170 DEBUG                GST_BUS gstbus.c:573:gst_bus_timed_pop_filtered:<bus1> got message 0x3ae8b2b0, state-changed from DynamicPipeline, type mask is 4294967295
0:00:00.037219520 3471031 0x70dc18000b70 DEBUG               GST_PADS gstpad.c:4209:gst_pad_query:<fake_sink:sink> doing query 0x70dc14000eb0 (accept-caps)
0:00:00.037220170 3471031     0x3ac6e170 DEBUG                GST_BUS gstbus.c:831:gst_bus_source_dispatch:<bus1> source 0x3ae88120 calling dispatch with state-changed message: 0x3ae8b2b0, time 99:99:99.999999999, seq-num 36, element 'DynamicPipeline', GstMessageStateChanged, old-state=(GstState)ready, new-state=(GstState)paused, pending-state=(GstState)playing;
0:00:00.037226941 3471031 0x70dc18000b70 DEBUG               basesink gstbasesink.c:5629:gst_base_sink_default_query:<fake_sink> Checking if requested caps video/x-raw(memory:SystemMemory, meta:GstVideoOverlayComposition), format=(string)A444_16LE, width=(int)1024, height=(int)768, framerate=(fraction)30/1, multiview-mode=(string)mono, pixel-aspect-ratio=(fraction)1/1, interlace-mode=(string)progressive are a subset of pad caps ANY result 1
0:00:00.037231249 3471031 0x70dc18000b70 DEBUG               GST_PADS gstpad.c:4232:gst_pad_query:<fake_sink:sink> sent query 0x70dc14000eb0 (accept-caps), result 1
0:00:00.037233578 3471031 0x70dc18000b70 DEBUG               GST_CAPS gstutils.c:3202:gst_pad_query_accept_caps:<fake_sink:sink> query returned 1
0:00:00.037240022 3471031     0x3ac6e170 DEBUG                GST_BUS gstbus.c:837:gst_bus_source_dispatch:<bus1> source 0x3ae88120 handler returns 1
0:00:00.037242905 3471031 0x70dc18000b70 DEBUG               basesink gstbasesink.c:3661:gst_base_sink_event:<fake_sink> received event 0x70dc0c0165f0 caps event: 0x70dc0c0165f0, time 99:99:99.999999999, seq-num 50, GstEventCaps, caps=(GstCaps)"video/x-raw\(memory:SystemMemory\,\ meta:GstVideoOverlayComposition\)\,\ format\=\(string\)A444_16LE\,\ width\=\(int\)1024\,\ height\=\(int\)768\,\ framerate\=\(fraction\)30/1\,\ multiview-mode\=\(string\)mono\,\ pixel-aspect-ratio\=\(fraction\)1/1\,\ interlace-mode\=\(string\)progressive";
0:00:00.037243776 3471031     0x3ac6e170 DEBUG                GST_BUS gstbus.c:573:gst_bus_timed_pop_filtered:<bus1> got message 0x3ae8a4b0, new-clock from DynamicPipeline, type mask is 4294967295
0:00:00.037247708 3471031 0x70dc18000b70 DEBUG               basesink gstbasesink.c:3411:gst_base_sink_default_event:<fake_sink> caps 0x70dc0c0165f0
0:00:00.037254721 3471031 0x70dc18000b70 DEBUG               GST_CAPS gstpad.c:2768:gst_pad_get_current_caps:<fake_sink:sink> get current pad caps (NULL)
0:00:00.037252082 3471031     0x3ac6e170 DEBUG                GST_BUS gstbus.c:831:gst_bus_source_dispatch:<bus1> source 0x3ae88120 calling dispatch with new-clock message: 0x3ae8a4b0, time 99:99:99.999999999, seq-num 37, element 'DynamicPipeline', GstMessageNewClock, clock=(GstClock)"\(GstSystemClock\)\ GstSystemClock";
0:00:00.037257885 3471031 0x70dc18000b70 DEBUG               GST_PADS gstpad.c:5986:gst_pad_send_event_unchecked:<fake_sink:sink> sent event, ret ok
0:00:00.037265067 3471031 0x70dc18000b70 DEBUG               GST_PADS gstpad.c:5424:store_sticky_event:<fake_sink:sink> notify caps
0:00:00.037268410 3471031 0x70dc18000b70 DEBUG               GST_PADS gstpad.c:4092:push_sticky:<fake_queue:src> event caps marked received
0:00:00.037270705 3471031     0x3ac6e170 DEBUG                GST_BUS gstbus.c:837:gst_bus_source_dispatch:<bus1> source 0x3ae88120 handler returns 1
0:00:00.037271819 3471031 0x70dc18000b70 DEBUG               GST_PADS gstpad.c:4341:gst_pad_peer_query:<fake_queue:src> peer query 0x70dc0c0175d0 (allocation)
0:00:00.037277861 3471031 0x70dc18000b70 DEBUG               GST_PADS gstpad.c:4209:gst_pad_query:<fake_sink:sink> doing query 0x70dc0c0175d0 (allocation)
0:00:00.037274226 3471031     0x3ac6e170 DEBUG                GST_BUS gstbus.c:573:gst_bus_timed_pop_filtered:<bus1> got message 0x70dc0c000df0, stream-status from src, type mask is 4294967295
0:00:00.037281400 3471031 0x70dc18000b70 DEBUG               GST_PADS gstpad.c:4232:gst_pad_query:<fake_sink:sink> sent query 0x70dc0c0175d0 (allocation), result 0
0:00:00.037288174 3471031 0x70dc18000b70 DEBUG               GST_PADS gstpad.c:4281:gst_pad_query:<fake_sink:sink> query failed
0:00:00.037290407 3471031 0x70dc18000b70 DEBUG               GST_PADS gstpad.c:4404:gst_pad_peer_query:<fake_queue:src> query failed
0:00:00.037286638 3471031     0x3ac6e170 DEBUG                GST_BUS gstbus.c:831:gst_bus_source_dispatch:<bus1> source 0x3ae88120 calling dispatch with stream-status message: 0x70dc0c000df0, time 99:99:99.999999999, seq-num 38, element 'src', GstMessageStreamStatus, type=(GstStreamStatusType)enter, owner=(GstElement)"\(GstVideoTestSrc\)\ src", object=(GstTask)"\(GstTask\)\ src:src";
0:00:00.037292922 3471031 0x70dc18000b70 DEBUG         queue_dataflow gstqueue.c:1563:gst_queue_loop:<fake_queue> queue is empty
0:00:00.037300921 3471031 0x70dc18000d60 DEBUG               GST_PADS gstpad.c:4232:gst_pad_query:<fake_queue:sink> sent query 0x70dc0c0175d0 (allocation), result 0
0:00:00.037302392 3471031 0x70dc18000d60 DEBUG               GST_PADS gstpad.c:4281:gst_pad_query:<fake_queue:sink> query failed
0:00:00.037303781 3471031 0x70dc18000d60 DEBUG                    tee gsttee.c:615:gst_tee_query_allocation:<tee> Allocation query failed on pad src_0, ignoring allocation
0:00:00.037304827 3471031     0x3ac6e170 DEBUG                GST_BUS gstbus.c:837:gst_bus_source_dispatch:<bus1> source 0x3ae88120 handler returns 1
0:00:00.037308002 3471031     0x3ac6e170 DEBUG                GST_BUS gstbus.c:573:gst_bus_timed_pop_filtered:<bus1> got message 0x3ae86990, state-changed from fake_queue, type mask is 4294967295
0:00:00.037311279 3471031     0x3ac6e170 DEBUG                GST_BUS gstbus.c:831:gst_bus_source_dispatch:<bus1> source 0x3ae88120 calling dispatch with state-changed message: 0x3ae86990, time 99:99:99.999999999, seq-num 41, element 'fake_queue', GstMessageStateChanged, old-state=(GstState)paused, new-state=(GstState)playing, pending-state=(GstState)void-pending;
0:00:00.037311947 3471031 0x70dc18000d60 DEBUG               GST_PADS gstpad.c:4232:gst_pad_query:<tee:sink> sent query 0x70dc0c016c20 (allocation), result 0
0:00:00.037315613 3471031 0x70dc18000d60 DEBUG               GST_PADS gstpad.c:4281:gst_pad_query:<tee:sink> query failed
0:00:00.037316509 3471031 0x70dc18000d60 DEBUG               GST_PADS gstpad.c:4404:gst_pad_peer_query:<timeoverlay:src> query failed
0:00:00.037317713 3471031 0x70dc18000d60 DEBUG        basetextoverlay gstbasetextoverlay.c:909:gst_base_text_overlay_negotiate:<timeoverlay> ALLOCATION query failed
0:00:00.037320555 3471031 0x70dc18000d60 DEBUG               GST_META gstmeta.c:129:gst_meta_api_type_register: register API "GstVideoOverlayCompositionMetaAPI"
0:00:00.037325759 3471031     0x3ac6e170 DEBUG                GST_BUS gstbus.c:837:gst_bus_source_dispatch:<bus1> source 0x3ae88120 handler returns 1
0:00:00.037328138 3471031 0x70dc18000d60 DEBUG        basetextoverlay gstbasetextoverlay.c:920:gst_base_text_overlay_negotiate:<timeoverlay> sink alloc has overlay meta 0
0:00:00.037329713 3471031     0x3ac6e170 DEBUG                GST_BUS gstbus.c:573:gst_bus_timed_pop_filtered:<bus1> got message 0x70dc140027d0, stream-start from DynamicPipeline, type mask is 4294967295
0:00:00.037331837 3471031 0x70dc18000d60 DEBUG        basetextoverlay gstbasetextoverlay.c:1341:gst_base_text_overlay_update_render_size: updating render dimensions 1024x768 from stream 1024x768, window 1024x768 and render scale 1.000000
0:00:00.037332510 3471031     0x3ac6e170 DEBUG                GST_BUS gstbus.c:831:gst_bus_source_dispatch:<bus1> source 0x3ae88120 calling dispatch with stream-start message: 0x70dc140027d0, time 99:99:99.999999999, seq-num 40, element 'DynamicPipeline', GstMessageStreamStart, group-id=(uint)1;
0:00:00.037337468 3471031 0x70dc18000d60 DEBUG        basetextoverlay gstbasetextoverlay.c:968:gst_base_text_overlay_negotiate:<timeoverlay> Using caps video/x-raw, format=(string)A444_16LE, width=(int)1024, height=(int)768, framerate=(fraction)30/1, multiview-mode=(string)mono, pixel-aspect-ratio=(fraction)1/1, interlace-mode=(string)progressive
0:00:00.037340744 3471031 0x70dc18000d60 INFO               GST_EVENT gstevent.c:918:gst_event_new_caps: creating caps event video/x-raw, format=(string)A444_16LE, width=(int)1024, height=(int)768, framerate=(fraction)30/1, multiview-mode=(string)mono, pixel-aspect-ratio=(fraction)1/1, interlace-mode=(string)progressive
0:00:00.037342967 3471031 0x70dc18000d60 DEBUG              GST_EVENT gstevent.c:337:gst_event_new_custom: creating new event 0x70dc0c00c180 caps 12814
0:00:00.037344265 3471031 0x70dc18000d60 DEBUG               GST_PADS gstpad.c:5424:store_sticky_event:<timeoverlay:src> notify caps
0:00:00.037345911 3471031 0x70dc18000d60 DEBUG               GST_PADS gstpad.c:4141:check_sticky:<timeoverlay:src> pushing all sticky events
0:00:00.037347277 3471031 0x70dc18000d60 DEBUG               GST_PADS gstpad.c:4065:push_sticky:<timeoverlay:src> event stream-start was already received
0:00:00.037350559 3471031 0x70dc18000d60 DEBUG              GST_EVENT gstpad.c:5892:gst_pad_send_event_unchecked:<tee:sink> have event type caps event: 0x70dc0c00c180, time 99:99:99.999999999, seq-num 51, GstEventCaps, caps=(GstCaps)"video/x-raw\,\ format\=\(string\)A444_16LE\,\ width\=\(int\)1024\,\ height\=\(int\)768\,\ framerate\=\(fraction\)30/1\,\ multiview-mode\=\(string\)mono\,\ pixel-aspect-ratio\=\(fraction\)1/1\,\ interlace-mode\=\(string\)progressive";
0:00:00.037350895 3471031     0x3ac6e170 DEBUG                GST_BUS gstbus.c:837:gst_bus_source_dispatch:<bus1> source 0x3ae88120 handler returns 1
0:00:00.037353673 3471031 0x70dc18000d60 DEBUG               GST_CAPS gstutils.c:3196:gst_pad_query_accept_caps:<tee:sink> accept caps of video/x-raw, format=(string)A444_16LE, width=(int)1024, height=(int)768, framerate=(fraction)30/1, multiview-mode=(string)mono, pixel-aspect-ratio=(fraction)1/1, interlace-mode=(string)progressive
0:00:00.037357335 3471031     0x3ac6e170 DEBUG                GST_BUS gstbus.c:573:gst_bus_timed_pop_filtered:<bus1> got message 0x3ae87140, state-changed from tee, type mask is 4294967295
0:00:00.037359100 3471031 0x70dc18000d60 DEBUG                  query gstquery.c:680:gst_query_new_custom: creating new query 0x70dc0c0033a0 accept-caps
0:00:00.037365018 3471031 0x70dc18000d60 DEBUG               GST_PADS gstpad.c:4209:gst_pad_query:<tee:sink> doing query 0x70dc0c0033a0 (accept-caps)
0:00:00.037363163 3471031     0x3ac6e170 DEBUG                GST_BUS gstbus.c:831:gst_bus_source_dispatch:<bus1> source 0x3ae88120 calling dispatch with state-changed message: 0x3ae87140, time 99:99:99.999999999, seq-num 44, element 'tee', GstMessageStateChanged, old-state=(GstState)paused, new-state=(GstState)playing, pending-state=(GstState)void-pending;
0:00:00.037368545 3471031 0x70dc18000d60 DEBUG               GST_PADS gstpad.c:3231:gst_pad_query_accept_caps_default:<tee:sink> query accept-caps accept-caps query: 0x70dc0c0033a0, GstQueryAcceptCaps, caps=(GstCaps)"video/x-raw\,\ format\=\(string\)A444_16LE\,\ width\=\(int\)1024\,\ height\=\(int\)768\,\ framerate\=\(fraction\)30/1\,\ multiview-mode\=\(string\)mono\,\ pixel-aspect-ratio\=\(fraction\)1/1\,\ interlace-mode\=\(string\)progressive", result=(boolean)false;
0:00:00.037371122 3471031 0x70dc18000d60 DEBUG               GST_PADS gstutils.c:2787:gst_pad_proxy_query_accept_caps:<tee:sink> proxying accept caps query for tee:sink
0:00:00.037372759 3471031 0x70dc18000d60 DEBUG               GST_PADS gstpad.c:2999:gst_pad_iterate_internal_links_default:<tee:sink> Making iterator
0:00:00.037376118 3471031 0x70dc18000d60 DEBUG               GST_PADS gstpad.c:4341:gst_pad_peer_query:<tee:src_0> peer query 0x70dc0c0033a0 (accept-caps)
0:00:00.037377944 3471031 0x70dc18000d60 DEBUG               GST_PADS gstpad.c:4209:gst_pad_query:<fake_queue:sink> doing query 0x70dc0c0033a0 (accept-caps)
0:00:00.037380977 3471031 0x70dc18000d60 DEBUG               GST_PADS gstpad.c:3231:gst_pad_query_accept_caps_default:<fake_queue:sink> query accept-caps accept-caps query: 0x70dc0c0033a0, GstQueryAcceptCaps, caps=(GstCaps)"video/x-raw\,\ format\=\(string\)A444_16LE\,\ width\=\(int\)1024\,\ height\=\(int\)768\,\ framerate\=\(fraction\)30/1\,\ multiview-mode\=\(string\)mono\,\ pixel-aspect-ratio\=\(fraction\)1/1\,\ interlace-mode\=\(string\)progressive", result=(boolean)false;
0:00:00.037383001 3471031 0x70dc18000d60 DEBUG               GST_PADS gstutils.c:2787:gst_pad_proxy_query_accept_caps:<fake_queue:sink> proxying accept caps query for fake_queue:sink
0:00:00.037384190 3471031 0x70dc18000d60 DEBUG               GST_PADS gstpad.c:2999:gst_pad_iterate_internal_links_default:<fake_queue:sink> Making iterator
0:00:00.037385824 3471031 0x70dc18000d60 DEBUG               GST_PADS gstpad.c:4341:gst_pad_peer_query:<fake_queue:src> peer query 0x70dc0c0033a0 (accept-caps)
0:00:00.037387210 3471031 0x70dc18000d60 DEBUG               GST_PADS gstpad.c:4209:gst_pad_query:<fake_sink:sink> doing query 0x70dc0c0033a0 (accept-caps)
0:00:00.037389800 3471031 0x70dc18000d60 DEBUG               basesink gstbasesink.c:5629:gst_base_sink_default_query:<fake_sink> Checking if requested caps video/x-raw, format=(string)A444_16LE, width=(int)1024, height=(int)768, framerate=(fraction)30/1, multiview-mode=(string)mono, pixel-aspect-ratio=(fraction)1/1, interlace-mode=(string)progressive are a subset of pad caps ANY result 1
0:00:00.037392031 3471031 0x70dc18000d60 DEBUG               GST_PADS gstpad.c:4232:gst_pad_query:<fake_sink:sink> sent query 0x70dc0c0033a0 (accept-caps), result 1
0:00:00.037393619 3471031 0x70dc18000d60 DEBUG               GST_PADS gstutils.c:2798:gst_pad_proxy_query_accept_caps:<fake_queue:sink> proxying accept caps query: 1
0:00:00.037394860 3471031     0x3ac6e170 DEBUG                GST_BUS gstbus.c:837:gst_bus_source_dispatch:<bus1> source 0x3ae88120 handler returns 1
0:00:00.037395900 3471031 0x70dc18000d60 DEBUG               GST_PADS gstpad.c:3261:gst_pad_query_accept_caps_default:<fake_queue:sink> allowed caps subset ANY, caps video/x-raw, format=(string)A444_16LE, width=(int)1024, height=(int)768, framerate=(fraction)30/1, multiview-mode=(string)mono, pixel-aspect-ratio=(fraction)1/1, interlace-mode=(string)progressive
0:00:00.037401125 3471031 0x70dc18000d60 DEBUG               GST_PADS gstpad.c:3545:gst_pad_query_default:<fake_queue:sink> not forwarding 0x70dc0c0033a0 (accept-caps) query
0:00:00.037402969 3471031 0x70dc18000d60 DEBUG               GST_PADS gstpad.c:4232:gst_pad_query:<fake_queue:sink> sent query 0x70dc0c0033a0 (accept-caps), result 1
0:00:00.037404848 3471031 0x70dc18000d60 DEBUG               GST_PADS gstutils.c:2798:gst_pad_proxy_query_accept_caps:<tee:sink> proxying accept caps query: 1
0:00:00.037399073 3471031     0x3ac6e170 DEBUG                GST_BUS gstbus.c:573:gst_bus_timed_pop_filtered:<bus1> got message 0x3ae87310, state-changed from timeoverlay, type mask is 4294967295
0:00:00.037407430 3471031 0x70dc18000d60 DEBUG               GST_PADS gstpad.c:3261:gst_pad_query_accept_caps_default:<tee:sink> allowed caps subset ANY, caps video/x-raw, format=(string)A444_16LE, width=(int)1024, height=(int)768, framerate=(fraction)30/1, multiview-mode=(string)mono, pixel-aspect-ratio=(fraction)1/1, interlace-mode=(string)progressive
0:00:00.037411015 3471031     0x3ac6e170 DEBUG                GST_BUS gstbus.c:831:gst_bus_source_dispatch:<bus1> source 0x3ae88120 calling dispatch with state-changed message: 0x3ae87310, time 99:99:99.999999999, seq-num 45, element 'timeoverlay', GstMessageStateChanged, old-state=(GstState)paused, new-state=(GstState)playing, pending-state=(GstState)void-pending;
0:00:00.037420430 3471031 0x70dc18000d60 DEBUG               GST_PADS gstpad.c:3545:gst_pad_query_default:<tee:sink> not forwarding 0x70dc0c0033a0 (accept-caps) query
0:00:00.037422186 3471031 0x70dc18000d60 DEBUG               GST_PADS gstpad.c:4232:gst_pad_query:<tee:sink> sent query 0x70dc0c0033a0 (accept-caps), result 1
0:00:00.037423418 3471031 0x70dc18000d60 DEBUG               GST_CAPS gstutils.c:3202:gst_pad_query_accept_caps:<tee:sink> query returned 1
0:00:00.037424755 3471031 0x70dc18000d60 DEBUG               GST_PADS gstpad.c:2999:gst_pad_iterate_internal_links_default:<tee:sink> Making iterator
0:00:00.037426244 3471031 0x70dc18000d60 DEBUG               GST_PADS gstpad.c:5424:store_sticky_event:<tee:src_0> notify caps
0:00:00.037427470 3471031 0x70dc18000d60 DEBUG               GST_PADS gstpad.c:4141:check_sticky:<tee:src_0> pushing all sticky events
0:00:00.037428825 3471031 0x70dc18000d60 DEBUG               GST_PADS gstpad.c:4065:push_sticky:<tee:src_0> event stream-start was already received
0:00:00.037430203 3471031     0x3ac6e170 DEBUG                GST_BUS gstbus.c:837:gst_bus_source_dispatch:<bus1> source 0x3ae88120 handler returns 1
0:00:00.037431976 3471031 0x70dc18000d60 DEBUG              GST_EVENT gstpad.c:5892:gst_pad_send_event_unchecked:<fake_queue:sink> have event type caps event: 0x70dc0c00c180, time 99:99:99.999999999, seq-num 51, GstEventCaps, caps=(GstCaps)"video/x-raw\,\ format\=\(string\)A444_16LE\,\ width\=\(int\)1024\,\ height\=\(int\)768\,\ framerate\=\(fraction\)30/1\,\ multiview-mode\=\(string\)mono\,\ pixel-aspect-ratio\=\(fraction\)1/1\,\ interlace-mode\=\(string\)progressive";
0:00:00.037433550 3471031     0x3ac6e170 DEBUG                GST_BUS gstbus.c:573:gst_bus_timed_pop_filtered:<bus1> got message 0x3ae8c070, state-changed from capsfilter, type mask is 4294967295
0:00:00.037437557 3471031     0x3ac6e170 DEBUG                GST_BUS gstbus.c:831:gst_bus_source_dispatch:<bus1> source 0x3ae88120 calling dispatch with state-changed message: 0x3ae8c070, time 99:99:99.999999999, seq-num 46, element 'capsfilter', GstMessageStateChanged, old-state=(GstState)paused, new-state=(GstState)playing, pending-state=(GstState)void-pending;
0:00:00.037439151 3471031 0x70dc18000d60 DEBUG               GST_CAPS gstutils.c:3196:gst_pad_query_accept_caps:<fake_queue:sink> accept caps of video/x-raw, format=(string)A444_16LE, width=(int)1024, height=(int)768, framerate=(fraction)30/1, multiview-mode=(string)mono, pixel-aspect-ratio=(fraction)1/1, interlace-mode=(string)progressive
0:00:00.037441320 3471031 0x70dc18000d60 DEBUG                  query gstquery.c:680:gst_query_new_custom: creating new query 0x70dc0c0033a0 accept-caps
0:00:00.037442726 3471031 0x70dc18000d60 DEBUG               GST_PADS gstpad.c:4209:gst_pad_query:<fake_queue:sink> doing query 0x70dc0c0033a0 (accept-caps)
0:00:00.037445332 3471031 0x70dc18000d60 DEBUG               GST_PADS gstpad.c:3231:gst_pad_query_accept_caps_default:<fake_queue:sink> query accept-caps accept-caps query: 0x70dc0c0033a0, GstQueryAcceptCaps, caps=(GstCaps)"video/x-raw\,\ format\=\(string\)A444_16LE\,\ width\=\(int\)1024\,\ height\=\(int\)768\,\ framerate\=\(fraction\)30/1\,\ multiview-mode\=\(string\)mono\,\ pixel-aspect-ratio\=\(fraction\)1/1\,\ interlace-mode\=\(string\)progressive", result=(boolean)false;
0:00:00.037447364 3471031 0x70dc18000d60 DEBUG               GST_PADS gstutils.c:2787:gst_pad_proxy_query_accept_caps:<fake_queue:sink> proxying accept caps query for fake_queue:sink
0:00:00.037448499 3471031 0x70dc18000d60 DEBUG               GST_PADS gstpad.c:2999:gst_pad_iterate_internal_links_default:<fake_queue:sink> Making iterator
0:00:00.037450070 3471031 0x70dc18000d60 DEBUG               GST_PADS gstpad.c:4341:gst_pad_peer_query:<fake_queue:src> peer query 0x70dc0c0033a0 (accept-caps)
0:00:00.037450852 3471031     0x3ac6e170 DEBUG                GST_BUS gstbus.c:837:gst_bus_source_dispatch:<bus1> source 0x3ae88120 handler returns 1
0:00:00.037451392 3471031 0x70dc18000d60 DEBUG               GST_PADS gstpad.c:4209:gst_pad_query:<fake_sink:sink> doing query 0x70dc0c0033a0 (accept-caps)
0:00:00.037457719 3471031 0x70dc18000d60 DEBUG               basesink gstbasesink.c:5629:gst_base_sink_default_query:<fake_sink> Checking if requested caps video/x-raw, format=(string)A444_16LE, width=(int)1024, height=(int)768, framerate=(fraction)30/1, multiview-mode=(string)mono, pixel-aspect-ratio=(fraction)1/1, interlace-mode=(string)progressive are a subset of pad caps ANY result 1
0:00:00.037460429 3471031 0x70dc18000d60 DEBUG               GST_PADS gstpad.c:4232:gst_pad_query:<fake_sink:sink> sent query 0x70dc0c0033a0 (accept-caps), result 1
0:00:00.037462457 3471031 0x70dc18000d60 DEBUG               GST_PADS gstutils.c:2798:gst_pad_proxy_query_accept_caps:<fake_queue:sink> proxying accept caps query: 1
0:00:00.037458703 3471031     0x3ac6e170 DEBUG                GST_BUS gstbus.c:573:gst_bus_timed_pop_filtered:<bus1> got message 0x3ae874e0, state-changed from src, type mask is 4294967295
0:00:00.037464970 3471031 0x70dc18000d60 DEBUG               GST_PADS gstpad.c:3261:gst_pad_query_accept_caps_default:<fake_queue:sink> allowed caps subset ANY, caps video/x-raw, format=(string)A444_16LE, width=(int)1024, height=(int)768, framerate=(fraction)30/1, multiview-mode=(string)mono, pixel-aspect-ratio=(fraction)1/1, interlace-mode=(string)progressive
0:00:00.037468433 3471031     0x3ac6e170 DEBUG                GST_BUS gstbus.c:831:gst_bus_source_dispatch:<bus1> source 0x3ae88120 calling dispatch with state-changed message: 0x3ae874e0, time 99:99:99.999999999, seq-num 47, element 'src', GstMessageStateChanged, old-state=(GstState)paused, new-state=(GstState)playing, pending-state=(GstState)void-pending;
0:00:00.037472345 3471031 0x70dc18000d60 DEBUG               GST_PADS gstpad.c:3545:gst_pad_query_default:<fake_queue:sink> not forwarding 0x70dc0c0033a0 (accept-caps) query
0:00:00.037473921 3471031 0x70dc18000d60 DEBUG               GST_PADS gstpad.c:4232:gst_pad_query:<fake_queue:sink> sent query 0x70dc0c0033a0 (accept-caps), result 1
0:00:00.037475173 3471031 0x70dc18000d60 DEBUG               GST_CAPS gstutils.c:3202:gst_pad_query_accept_caps:<fake_queue:sink> query returned 1
0:00:00.037477200 3471031 0x70dc18000d60 DEBUG               GST_PADS gstpad.c:5986:gst_pad_send_event_unchecked:<fake_queue:sink> sent event, ret ok
0:00:00.037478401 3471031 0x70dc18000d60 DEBUG               GST_PADS gstpad.c:5424:store_sticky_event:<fake_queue:sink> notify caps
0:00:00.037480214 3471031 0x70dc18000d60 DEBUG               GST_PADS gstpad.c:4092:push_sticky:<tee:src_0> event caps marked received
0:00:00.037482217 3471031 0x70dc18000d60 DEBUG               GST_PADS gstpad.c:5986:gst_pad_send_event_unchecked:<tee:sink> sent event, ret ok
0:00:00.037483356 3471031 0x70dc18000d60 DEBUG               GST_PADS gstpad.c:5424:store_sticky_event:<tee:sink> notify caps
0:00:00.037483852 3471031     0x3ac6e170 DEBUG                GST_BUS gstbus.c:837:gst_bus_source_dispatch:<bus1> source 0x3ae88120 handler returns 1
0:00:00.037480308 3471031 0x70dc18000b70 DEBUG         queue_dataflow gstqueue.c:1575:gst_queue_loop:<fake_queue> queue is not empty
0:00:00.037489818 3471031 0x70dc18000b70 DEBUG               GST_PADS gstpad.c:5424:store_sticky_event:<fake_queue:src> notify caps
0:00:00.037490402 3471031 0x70dc18000d60 DEBUG               GST_PADS gstpad.c:4092:push_sticky:<timeoverlay:src> event caps marked received
0:00:00.037496198 3471031 0x70dc18000d60 DEBUG               GST_PADS gstpad.c:5986:gst_pad_send_event_unchecked:<timeoverlay:video_sink> sent event, ret ok
0:00:00.037497887 3471031 0x70dc18000d60 DEBUG               GST_PADS gstpad.c:5424:store_sticky_event:<timeoverlay:video_sink> notify caps
0:00:00.037493324 3471031 0x70dc18000b70 DEBUG               GST_PADS gstpad.c:4141:check_sticky:<fake_queue:src> pushing all sticky events
0:00:00.037499584 3471031 0x70dc18000d60 DEBUG               GST_PADS gstpad.c:4092:push_sticky:<capsfilter:src> event caps marked received
0:00:00.037504168 3471031 0x70dc18000d60 DEBUG          basetransform gstbasetransform.c:939:gst_base_transform_do_bufferpool:<capsfilter> we're passthough, delay bufferpool
0:00:00.037507625 3471031 0x70dc18000d60 DEBUG               GST_PADS gstpad.c:5986:gst_pad_send_event_unchecked:<capsfilter:sink> sent event, ret ok
0:00:00.037508725 3471031 0x70dc18000d60 DEBUG               GST_PADS gstpad.c:5424:store_sticky_event:<capsfilter:sink> notify caps
0:00:00.037502251 3471031 0x70dc18000b70 DEBUG               GST_PADS gstpad.c:4065:push_sticky:<fake_queue:src> event stream-start was already received
0:00:00.037510316 3471031 0x70dc18000d60 DEBUG               GST_PADS gstpad.c:4092:push_sticky:<src:src> event caps marked received
0:00:00.037515969 3471031 0x70dc18000d60 DEBUG               GST_CAPS gstpad.c:2768:gst_pad_get_current_caps:<src:src> get current pad caps video/x-raw, format=(string)A444_16LE, width=(int)1024, height=(int)768, framerate=(fraction)30/1, multiview-mode=(string)mono, pixel-aspect-ratio=(fraction)1/1, interlace-mode=(string)progressive
0:00:00.037517577 3471031 0x70dc18000b70 DEBUG              GST_EVENT gstpad.c:5892:gst_pad_send_event_unchecked:<fake_sink:sink> have event type caps event: 0x70dc0c00c180, time 99:99:99.999999999, seq-num 51, GstEventCaps, caps=(GstCaps)"video/x-raw\,\ format\=\(string\)A444_16LE\,\ width\=\(int\)1024\,\ height\=\(int\)768\,\ framerate\=\(fraction\)30/1\,\ multiview-mode\=\(string\)mono\,\ pixel-aspect-ratio\=\(fraction\)1/1\,\ interlace-mode\=\(string\)progressive";
0:00:00.037517975 3471031 0x70dc18000d60 DEBUG                  query gstquery.c:680:gst_query_new_custom: creating new query 0x70dc0c0033a0 allocation
0:00:00.037523592 3471031 0x70dc18000d60 DEBUG               GST_PADS gstpad.c:4341:gst_pad_peer_query:<src:src> peer query 0x70dc0c0033a0 (allocation)
0:00:00.037525557 3471031 0x70dc18000d60 DEBUG               GST_PADS gstpad.c:4209:gst_pad_query:<capsfilter:sink> doing query 0x70dc0c0033a0 (allocation)
0:00:00.037523482 3471031 0x70dc18000b70 DEBUG               GST_CAPS gstutils.c:3196:gst_pad_query_accept_caps:<fake_sink:sink> accept caps of video/x-raw, format=(string)A444_16LE, width=(int)1024, height=(int)768, framerate=(fraction)30/1, multiview-mode=(string)mono, pixel-aspect-ratio=(fraction)1/1, interlace-mode=(string)progressive
0:00:00.037527304 3471031 0x70dc18000d60 DEBUG          basetransform gstbasetransform.c:1531:gst_base_transform_default_query:<capsfilter> calling propose allocation with query (NULL)
0:00:00.037531470 3471031 0x70dc18000b70 DEBUG                  query gstquery.c:680:gst_query_new_custom: creating new query 0x70dc14002d30 accept-caps
0:00:00.037532111 3471031 0x70dc18000d60 DEBUG          basetransform gstbasetransform.c:1393:gst_base_transform_default_propose_allocation:<capsfilter> doing passthrough query
0:00:00.037536740 3471031 0x70dc18000d60 DEBUG               GST_PADS gstpad.c:4341:gst_pad_peer_query:<capsfilter:src> peer query 0x70dc0c0033a0 (allocation)
0:00:00.037534746 3471031 0x70dc18000b70 DEBUG               GST_PADS gstpad.c:4209:gst_pad_query:<fake_sink:sink> doing query 0x70dc14002d30 (accept-caps)
0:00:00.037538066 3471031 0x70dc18000d60 DEBUG               GST_PADS gstpad.c:4209:gst_pad_query:<timeoverlay:video_sink> doing query 0x70dc0c0033a0 (allocation)
0:00:00.037543523 3471031 0x70dc18000d60 DEBUG               GST_PADS gstpad.c:3545:gst_pad_query_default:<timeoverlay:video_sink> forwarding 0x70dc0c0033a0 (allocation) query
0:00:00.037545251 3471031 0x70dc18000d60 DEBUG               GST_PADS gstpad.c:2999:gst_pad_iterate_internal_links_default:<timeoverlay:video_sink> Making iterator
0:00:00.037543826 3471031 0x70dc18000b70 DEBUG               basesink gstbasesink.c:5629:gst_base_sink_default_query:<fake_sink> Checking if requested caps video/x-raw, format=(string)A444_16LE, width=(int)1024, height=(int)768, framerate=(fraction)30/1, multiview-mode=(string)mono, pixel-aspect-ratio=(fraction)1/1, interlace-mode=(string)progressive are a subset of pad caps ANY result 1
0:00:00.037546997 3471031 0x70dc18000d60 DEBUG               GST_PADS gstpad.c:4341:gst_pad_peer_query:<timeoverlay:src> peer query 0x70dc0c0033a0 (allocation)
0:00:00.037554416 3471031 0x70dc18000d60 DEBUG               GST_PADS gstpad.c:4209:gst_pad_query:<tee:sink> doing query 0x70dc0c0033a0 (allocation)
0:00:00.037551558 3471031 0x70dc18000b70 DEBUG               GST_PADS gstpad.c:4232:gst_pad_query:<fake_sink:sink> sent query 0x70dc14002d30 (accept-caps), result 1
0:00:00.037556224 3471031 0x70dc18000d60 DEBUG                    tee gsttee.c:594:gst_tee_query_allocation:<tee> Aggregating allocation from pad tee:src_0
0:00:00.037562210 3471031 0x70dc18000d60 DEBUG                  query gstquery.c:680:gst_query_new_custom: creating new query 0x70dc0c008810 allocation
0:00:00.037559540 3471031 0x70dc18000b70 DEBUG               GST_CAPS gstutils.c:3202:gst_pad_query_accept_caps:<fake_sink:sink> query returned 1
