0:00:00.037563705 3471031 0x70dc18000d60 DEBUG               GST_PADS gstpad.c:4209:gst_pad_query:<fake_queue:sink> doing query 0x70dc0c008810 (allocation)
0:00:00.037571637 3471031 0x70dc18000b70 DEBUG               basesink gstbasesink.c:3661:gst_base_sink_event:<fake_sink> received event 0x70dc0c00c180 caps event: 0x70dc0c00c180, time 99:99:99.999999999, seq-num 51, GstEventCaps, caps=(GstCaps)"video/x-raw\,\ format\=\(string\)A444_16LE\,\ width\=\(int\)1024\,\ height\=\(int\)768\,\ framerate\=\(fraction\)30/1\,\ multiview-mode\=\(string\)mono\,\ pixel-aspect-ratio\=\(fraction\)1/1\,\ interlace-mode\=\(string\)progressive";
0:00:00.037575398 3471031 0x70dc18000b70 DEBUG               basesink gstbasesink.c:3411:gst_base_sink_default_event:<fake_sink> caps 0x70dc0c00c180
0:00:00.037579317 3471031 0x70dc18000b70 DEBUG               GST_CAPS gstpad.c:2768:gst_pad_get_current_caps:<fake_sink:sink> get current pad caps video/x-raw(memory:SystemMemory, meta:GstVideoOverlayComposition), format=(string)A444_16LE, width=(int)1024, height=(int)768, framerate=(fraction)30/1, multiview-mode=(string)mono, pixel-aspect-ratio=(fraction)1/1, interlace-mode=(string)progressive
0:00:00.037583606 3471031 0x70dc18000b70 DEBUG               GST_PADS gstpad.c:5986:gst_pad_send_event_unchecked:<fake_sink:sink> sent event, ret ok
0:00:00.037586543 3471031 0x70dc18000b70 DEBUG               GST_PADS gstpad.c:5424:store_sticky_event:<fake_sink:sink> notify caps
0:00:00.037589557 3471031 0x70dc18000b70 DEBUG               GST_PADS gstpad.c:4092:push_sticky:<fake_queue:src> event caps marked received
0:00:00.037592285 3471031 0x70dc18000b70 DEBUG               GST_PADS gstpad.c:4341:gst_pad_peer_query:<fake_queue:src> peer query 0x70dc0c008810 (allocation)
0:00:00.037594488 3471031 0x70dc18000b70 DEBUG               GST_PADS gstpad.c:4209:gst_pad_query:<fake_sink:sink> doing query 0x70dc0c008810 (allocation)
0:00:00.037596844 3471031 0x70dc18000b70 DEBUG               GST_PADS gstpad.c:4232:gst_pad_query:<fake_sink:sink> sent query 0x70dc0c008810 (allocation), result 0
0:00:00.037598540 3471031 0x70dc18000b70 DEBUG               GST_PADS gstpad.c:4281:gst_pad_query:<fake_sink:sink> query failed
0:00:00.037599848 3471031 0x70dc18000b70 DEBUG               GST_PADS gstpad.c:4404:gst_pad_peer_query:<fake_queue:src> query failed
0:00:00.037602158 3471031 0x70dc18000b70 DEBUG         queue_dataflow gstqueue.c:1563:gst_queue_loop:<fake_queue> queue is empty
0:00:00.037607272 3471031 0x70dc18000d60 DEBUG               GST_PADS gstpad.c:4232:gst_pad_query:<fake_queue:sink> sent query 0x70dc0c008810 (allocation), result 0
0:00:00.037608683 3471031 0x70dc18000d60 DEBUG               GST_PADS gstpad.c:4281:gst_pad_query:<fake_queue:sink> query failed
0:00:00.037610086 3471031 0x70dc18000d60 DEBUG                    tee gsttee.c:615:gst_tee_query_allocation:<tee> Allocation query failed on pad src_0, ignoring allocation
0:00:00.037612252 3471031 0x70dc18000d60 DEBUG               GST_PADS gstpad.c:4232:gst_pad_query:<tee:sink> sent query 0x70dc0c0033a0 (allocation), result 0
0:00:00.037613407 3471031 0x70dc18000d60 DEBUG               GST_PADS gstpad.c:4281:gst_pad_query:<tee:sink> query failed
0:00:00.037615552 3471031 0x70dc18000d60 DEBUG               GST_PADS gstpad.c:4404:gst_pad_peer_query:<timeoverlay:src> query failed
0:00:00.037617378 3471031 0x70dc18000d60 DEBUG               GST_PADS gstpad.c:4232:gst_pad_query:<timeoverlay:video_sink> sent query 0x70dc0c0033a0 (allocation), result 0
0:00:00.037618492 3471031 0x70dc18000d60 DEBUG               GST_PADS gstpad.c:4281:gst_pad_query:<timeoverlay:video_sink> query failed
0:00:00.037619627 3471031 0x70dc18000d60 DEBUG               GST_PADS gstpad.c:4404:gst_pad_peer_query:<capsfilter:src> query failed
0:00:00.037623786 3471031 0x70dc18000d60 WARN               structure gststructure.c:2099:priv_gst_structure_append_to_gstring: No value transform to serialize field 'meta' of type 'GArray'
0:00:00.037626846 3471031 0x70dc18000d60 DEBUG          basetransform gstbasetransform.c:1552:gst_base_transform_default_query:<capsfilter> ALLOCATION ret 0, allocation query: 0x70dc0c0033a0, GstQueryAllocation, caps=(GstCaps)"video/x-raw\,\ format\=\(string\)A444_16LE\,\ width\=\(int\)1024\,\ height\=\(int\)768\,\ framerate\=\(fraction\)30/1\,\ multiview-mode\=\(string\)mono\,\ pixel-aspect-ratio\=\(fraction\)1/1\,\ interlace-mode\=\(string\)progressive", need-pool=(boolean)true, meta=(GArray)NULL;
0:00:00.037629006 3471031 0x70dc18000d60 DEBUG               GST_PADS gstpad.c:4232:gst_pad_query:<capsfilter:sink> sent query 0x70dc0c0033a0 (allocation), result 0
0:00:00.037630120 3471031 0x70dc18000d60 DEBUG               GST_PADS gstpad.c:4281:gst_pad_query:<capsfilter:sink> query failed
0:00:00.037631233 3471031 0x70dc18000d60 DEBUG               GST_PADS gstpad.c:4404:gst_pad_peer_query:<src:src> query failed
0:00:00.037632071 3471031 0x70dc18000d60 DEBUG                basesrc gstbasesrc.c:3359:gst_base_src_prepare_allocation:<src> peer ALLOCATION query failed
0:00:00.037643989 3471031 0x70dc18000d60 DEBUG               GST_POLL gstpoll.c:681:gst_poll_new: 0x70dc0c00ee60: new controllable : 1
0:00:00.037652732 3471031 0x70dc18000d60 DEBUG               GST_POLL gstpoll.c:848:gst_poll_add_fd_unlocked: 0x70dc0c00ee60: fd (fd:8, idx:0)
0:00:00.037655030 3471031 0x70dc18000d60 DEBUG               GST_POLL gstpoll.c:1014:gst_poll_fd_ctl_read_unlocked: 0x70dc0c00ee60: fd (fd:8, idx:0), active : 1
0:00:00.037659019 3471031 0x70dc18000d60 DEBUG             bufferpool gstbufferpool.c:179:gst_buffer_pool_init:<GstBufferPool@0x70dc0c01a2c0> created
0:00:00.037663764 3471031 0x70dc18000d60 DEBUG               GST_META gstmeta.c:129:gst_meta_api_type_register: register API "GstVideoMetaAPI"
0:00:00.037665882 3471031 0x70dc18000d60 DEBUG               GST_META gstmeta.c:136:gst_meta_api_type_register:   adding tag "video"
0:00:00.037667460 3471031 0x70dc18000d60 DEBUG               GST_META gstmeta.c:136:gst_meta_api_type_register:   adding tag "memory"
0:00:00.037668809 3471031 0x70dc18000d60 DEBUG               GST_META gstmeta.c:136:gst_meta_api_type_register:   adding tag "colorspace"
0:00:00.037670152 3471031 0x70dc18000d60 DEBUG               GST_META gstmeta.c:136:gst_meta_api_type_register:   adding tag "size"
0:00:00.037673555 3471031 0x70dc18000d60 DEBUG             video-info video-info.c:406:gst_video_info_from_caps: parsing caps video/x-raw, format=(string)A444_16LE, width=(int)1024, height=(int)768, framerate=(fraction)30/1, multiview-mode=(string)mono, pixel-aspect-ratio=(fraction)1/1, interlace-mode=(string)progressive
0:00:00.037676455 3471031 0x70dc18000d60 DEBUG             video-info video-info.c:528:gst_video_info_from_caps: no colorimetry, using default
0:00:00.037682504 3471031 0x70dc18000d60 WARN               structure gststructure.c:2099:priv_gst_structure_append_to_gstring: No value transform to serialize field 'params' of type 'GstAllocationParams'
0:00:00.037684156 3471031 0x70dc18000d60 DEBUG             bufferpool gstbufferpool.c:622:default_set_config:<videobufferpool0> config GstBufferPoolConfig, caps=(GstCaps)"video/x-raw\,\ format\=\(string\)A444_16LE\,\ width\=\(int\)1024\,\ height\=\(int\)768\,\ framerate\=\(fraction\)30/1\,\ multiview-mode\=\(string\)mono\,\ pixel-aspect-ratio\=\(fraction\)1/1\,\ interlace-mode\=\(string\)progressive", size=(uint)6291456, min-buffers=(uint)0, max-buffers=(uint)0, allocator=(GstAllocator)"NULL", params=(GstAllocationParams)NULL;
0:00:00.037693450 3471031 0x70dc18000d60 WARN               structure gststructure.c:2099:priv_gst_structure_append_to_gstring: No value transform to serialize field 'meta' of type 'GArray'
0:00:00.037695338 3471031 0x70dc18000d60 WARN               structure gststructure.c:2099:priv_gst_structure_append_to_gstring: No value transform to serialize field 'pool' of type 'GArray'
0:00:00.037697107 3471031 0x70dc18000d60 WARN               structure gststructure.c:2099:priv_gst_structure_append_to_gstring: No value transform to serialize field 'allocator' of type 'GArray'
0:00:00.037698957 3471031 0x70dc18000d60 DEBUG                basesrc gstbasesrc.c:3365:gst_base_src_prepare_allocation:<src> ALLOCATION (1) params: allocation query: 0x70dc0c0033a0, GstQueryAllocation, caps=(GstCaps)"video/x-raw\,\ format\=\(string\)A444_16LE\,\ width\=\(int\)1024\,\ height\=\(int\)768\,\ framerate\=\(fraction\)30/1\,\ multiview-mode\=\(string\)mono\,\ pixel-aspect-ratio\=\(fraction\)1/1\,\ interlace-mode\=\(string\)progressive", need-pool=(boolean)true, meta=(GArray)NULL, pool=(GArray)NULL, allocator=(GArray)NULL;
0:00:00.037701324 3471031 0x70dc18000d60 DEBUG                basesrc gstbasesrc.c:3193:gst_base_src_set_allocation:<src> activate pool
0:00:00.037704682 3471031 0x70dc18000d60 DEBUG                basesrc gstbasesrc.c:2610:gst_base_src_get_range:<src> calling create offset 18446744073709551615 length 4096, time 0
0:00:00.037706862 3471031 0x70dc18000d60 DEBUG              videopool gstvideopool.c:248:video_buffer_pool_alloc:<videobufferpool0> alloc 6291456
0:00:00.037717867 3471031 0x70dc18000d60 DEBUG             GST_MEMORY gstmemory.c:139:gst_memory_init: new memory 0x70dc24a00010, maxsize:6291463 offset:0 size:6291456
0:00:00.037723172 3471031 0x70dc18000d60 DEBUG               GST_META gstmeta.c:551:gst_meta_info_register: register "GstVideoMeta" implementing "GstVideoMetaAPI" of size 144
0:00:00.041886344 3471031 0x70dc18000d60 DEBUG           videotestsrc gstvideotestsrc.c:1338:gst_video_test_src_fill:<src> Timestamp: 0:00:00.000000000 = accumulated 0:00:00.000000000 + offset: 0:00:00.000000000 + running time: 0:00:00.000000000
0:00:00.041895023 3471031 0x70dc18000d60 DEBUG                basesrc gstbasesrc.c:2338:gst_base_src_do_sync:<src> pseudo_live with latency 0:00:00.000000000
0:00:00.041897915 3471031 0x70dc18000d60 DEBUG              GST_CLOCK gstclock.c:1086:gst_clock_get_internal_time:<GstSystemClock> internal time 262:49:09.224158998
0:00:00.041900091 3471031 0x70dc18000d60 DEBUG              GST_CLOCK gstclock.c:1129:gst_clock_get_time:<GstSystemClock> adjusted time 262:49:09.224158998
0:00:00.041902536 3471031 0x70dc18000d60 DEBUG              GST_CLOCK gstclock.c:254:gst_clock_entry_new:<GstSystemClock> created entry 0x70dc0c018120, time 262:49:09.224158998
0:00:00.041906671 3471031 0x70dc18000d60 DEBUG              GST_CLOCK gstclock.c:548:gst_clock_id_wait:<GstSystemClock> waiting on clock entry 0x70dc0c018120
0:00:00.041908545 3471031 0x70dc18000d60 DEBUG              GST_CLOCK gstsystemclock.c:1298:gst_system_clock_id_wait_jitter:<GstSystemClock> waiting on entry 0x70dc0c018120
0:00:00.041910615 3471031 0x70dc18000d60 DEBUG              GST_CLOCK gstclock.c:1086:gst_clock_get_internal_time:<GstSystemClock> internal time 262:49:09.224172093
0:00:00.041912296 3471031 0x70dc18000d60 DEBUG              GST_CLOCK gstclock.c:1129:gst_clock_get_time:<GstSystemClock> adjusted time 262:49:09.224172093
0:00:00.041915521 3471031 0x70dc18000d60 DEBUG              GST_CLOCK gstsystemclock.c:1150:gst_system_clock_id_wait_jitter_unlocked:<GstSystemClock> entry 0x70dc0c018120 time 262:49:09.224158998 now 262:49:09.224172093 diff (time-now) -13095
0:00:00.041917588 3471031 0x70dc18000d60 DEBUG              GST_CLOCK gstclock.c:556:gst_clock_id_wait:<GstSystemClock> done waiting entry 0x70dc0c018120, res: 1 (early)
0:00:00.041921720 3471031 0x70dc18000d60 DEBUG              GST_CLOCK gstclock.c:371:_gst_clock_id_free: freed entry 0x70dc0c018120
0:00:00.041923942 3471031 0x70dc18000d60 DEBUG                basesrc gstbasesrc.c:2718:gst_base_src_get_range:<src> buffer too late!, returning anyway
0:00:00.041928168 3471031 0x70dc18000d60 INFO               GST_EVENT gstevent.c:998:gst_event_new_segment: creating segment event time segment start=0:00:00.000000000, offset=0:00:00.000000000, stop=99:99:99.999999999, rate=1.000000, applied_rate=1.000000, flags=0x00, time=0:00:00.000000000, base=0:00:00.000000000, position 0:00:00.000000000, duration 99:99:99.999999999
0:00:00.041931571 3471031 0x70dc18000d60 DEBUG              GST_EVENT gstevent.c:337:gst_event_new_custom: creating new event 0x70dc0c0105b0 segment 17934
0:00:00.041933507 3471031 0x70dc18000d60 DEBUG               GST_PADS gstpad.c:4141:check_sticky:<src:src> pushing all sticky events
0:00:00.041935056 3471031 0x70dc18000d60 DEBUG               GST_PADS gstpad.c:4065:push_sticky:<src:src> event stream-start was already received
0:00:00.041936634 3471031 0x70dc18000d60 DEBUG               GST_PADS gstpad.c:4065:push_sticky:<src:src> event caps was already received
0:00:00.041947857 3471031 0x70dc18000d60 DEBUG              GST_EVENT gstpad.c:5892:gst_pad_send_event_unchecked:<capsfilter:sink> have event type segment event: 0x70dc0c0105b0, time 99:99:99.999999999, seq-num 33, GstEventSegment, segment=(GstSegment)"segment, flags=(GstSegmentFlags)GST_SEGMENT_FLAG_NONE, rate=(double)1, applied-rate=(double)1, format=(GstFormat)time, base=(guint64)0, offset=(guint64)0, start=(guint64)0, stop=(guint64)18446744073709551615, time=(guint64)0, position=(guint64)0, duration=(guint64)18446744073709551615;";
0:00:00.041952139 3471031 0x70dc18000d60 DEBUG          basetransform gstbasetransform.c:1963:gst_base_transform_sink_eventfunc:<capsfilter> received SEGMENT time segment start=0:00:00.000000000, offset=0:00:00.000000000, stop=99:99:99.999999999, rate=1.000000, applied_rate=1.000000, flags=0x00, time=0:00:00.000000000, base=0:00:00.000000000, position 0:00:00.000000000, duration 99:99:99.999999999
0:00:00.041954320 3471031 0x70dc18000d60 DEBUG               GST_PADS gstpad.c:4141:check_sticky:<capsfilter:src> pushing all sticky events
0:00:00.041955736 3471031 0x70dc18000d60 DEBUG               GST_PADS gstpad.c:4065:push_sticky:<capsfilter:src> event stream-start was already received
0:00:00.041957187 3471031 0x70dc18000d60 DEBUG               GST_PADS gstpad.c:4065:push_sticky:<capsfilter:src> event caps was already received
0:00:00.041963688 3471031 0x70dc18000d60 DEBUG              GST_EVENT gstpad.c:5892:gst_pad_send_event_unchecked:<timeoverlay:video_sink> have event type segment event: 0x70dc0c0105b0, time 99:99:99.999999999, seq-num 33, GstEventSegment, segment=(GstSegment)"segment, flags=(GstSegmentFlags)GST_SEGMENT_FLAG_NONE, rate=(double)1, applied-rate=(double)1, format=(GstFormat)time, base=(guint64)0, offset=(guint64)0, start=(guint64)0, stop=(guint64)18446744073709551615, time=(guint64)0, position=(guint64)0, duration=(guint64)18446744073709551615;";
0:00:00.041966393 3471031 0x70dc18000d60 DEBUG        basetextoverlay gstbasetextoverlay.c:2523:gst_base_text_overlay_video_event:<timeoverlay:video_sink> received event segment
0:00:00.041967711 3471031 0x70dc18000d60 DEBUG        basetextoverlay gstbasetextoverlay.c:2549:gst_base_text_overlay_video_event:<timeoverlay> received new segment
0:00:00.041970251 3471031 0x70dc18000d60 DEBUG        basetextoverlay gstbasetextoverlay.c:2555:gst_base_text_overlay_video_event:<timeoverlay> VIDEO SEGMENT now: time segment start=0:00:00.000000000, offset=0:00:00.000000000, stop=99:99:99.999999999, rate=1.000000, applied_rate=1.000000, flags=0x00, time=0:00:00.000000000, base=0:00:00.000000000, position 0:00:00.000000000, duration 99:99:99.999999999
0:00:00.041972366 3471031 0x70dc18000d60 DEBUG               GST_PADS gstpad.c:2999:gst_pad_iterate_internal_links_default:<timeoverlay:video_sink> Making iterator
0:00:00.041975657 3471031 0x70dc18000d60 DEBUG               GST_PADS gstpad.c:4141:check_sticky:<timeoverlay:src> pushing all sticky events
0:00:00.041977089 3471031 0x70dc18000d60 DEBUG               GST_PADS gstpad.c:4065:push_sticky:<timeoverlay:src> event stream-start was already received
0:00:00.041978399 3471031 0x70dc18000d60 DEBUG               GST_PADS gstpad.c:4065:push_sticky:<timeoverlay:src> event caps was already received
0:00:00.041983315 3471031 0x70dc18000d60 DEBUG              GST_EVENT gstpad.c:5892:gst_pad_send_event_unchecked:<tee:sink> have event type segment event: 0x70dc0c0105b0, time 99:99:99.999999999, seq-num 33, GstEventSegment, segment=(GstSegment)"segment, flags=(GstSegmentFlags)GST_SEGMENT_FLAG_NONE, rate=(double)1, applied-rate=(double)1, format=(GstFormat)time, base=(guint64)0, offset=(guint64)0, start=(guint64)0, stop=(guint64)18446744073709551615, time=(guint64)0, position=(guint64)0, duration=(guint64)18446744073709551615;";
0:00:00.041985597 3471031 0x70dc18000d60 DEBUG               GST_PADS gstpad.c:2999:gst_pad_iterate_internal_links_default:<tee:sink> Making iterator
0:00:00.041987211 3471031 0x70dc18000d60 DEBUG               GST_PADS gstpad.c:4141:check_sticky:<tee:src_0> pushing all sticky events
0:00:00.041988499 3471031 0x70dc18000d60 DEBUG               GST_PADS gstpad.c:4065:push_sticky:<tee:src_0> event stream-start was already received
0:00:00.041989908 3471031 0x70dc18000d60 DEBUG               GST_PADS gstpad.c:4065:push_sticky:<tee:src_0> event caps was already received
0:00:00.041994411 3471031 0x70dc18000d60 DEBUG              GST_EVENT gstpad.c:5892:gst_pad_send_event_unchecked:<fake_queue:sink> have event type segment event: 0x70dc0c0105b0, time 99:99:99.999999999, seq-num 33, GstEventSegment, segment=(GstSegment)"segment, flags=(GstSegmentFlags)GST_SEGMENT_FLAG_NONE, rate=(double)1, applied-rate=(double)1, format=(GstFormat)time, base=(guint64)0, offset=(guint64)0, start=(guint64)0, stop=(guint64)18446744073709551615, time=(guint64)0, position=(guint64)0, duration=(guint64)18446744073709551615;";
0:00:00.041998499 3471031 0x70dc18000d60 DEBUG                  queue gstqueue.c:599:apply_segment:<fake_queue> configured SEGMENT time segment start=0:00:00.000000000, offset=0:00:00.000000000, stop=99:99:99.999999999, rate=1.000000, applied_rate=1.000000, flags=0x00, time=0:00:00.000000000, base=0:00:00.000000000, position 0:00:00.000000000, duration 99:99:99.999999999
0:00:00.042001497 3471031 0x70dc18000d60 DEBUG                  queue gstqueue.c:599:apply_segment:<fake_queue> configured SEGMENT time segment start=0:00:00.000000000, offset=0:00:00.000000000, stop=99:99:99.999999999, rate=1.000000, applied_rate=1.000000, flags=0x00, time=0:00:00.000000000, base=0:00:00.000000000, position 0:00:00.000000000, duration 99:99:99.999999999
0:00:00.042004579 3471031 0x70dc18000d60 DEBUG               GST_PADS gstpad.c:5986:gst_pad_send_event_unchecked:<fake_queue:sink> sent event, ret ok
0:00:00.042006322 3471031 0x70dc18000d60 DEBUG               GST_PADS gstpad.c:4092:push_sticky:<tee:src_0> event segment marked received
0:00:00.042008335 3471031 0x70dc18000d60 DEBUG               GST_PADS gstpad.c:5986:gst_pad_send_event_unchecked:<tee:sink> sent event, ret ok
0:00:00.042009795 3471031 0x70dc18000d60 DEBUG               GST_PADS gstpad.c:4092:push_sticky:<timeoverlay:src> event segment marked received
0:00:00.042013709 3471031 0x70dc18000d60 DEBUG               GST_PADS gstpad.c:5986:gst_pad_send_event_unchecked:<timeoverlay:video_sink> sent event, ret ok
0:00:00.042015110 3471031 0x70dc18000d60 DEBUG               GST_PADS gstpad.c:4092:push_sticky:<capsfilter:src> event segment marked received
0:00:00.042009651 3471031 0x70dc18000b70 DEBUG         queue_dataflow gstqueue.c:1575:gst_queue_loop:<fake_queue> queue is not empty
0:00:00.042024278 3471031 0x70dc18000b70 DEBUG               GST_PADS gstpad.c:4141:check_sticky:<fake_queue:src> pushing all sticky events
0:00:00.042024555 3471031 0x70dc18000d60 DEBUG               GST_PADS gstpad.c:5986:gst_pad_send_event_unchecked:<capsfilter:sink> sent event, ret ok
0:00:00.042032427 3471031 0x70dc18000d60 DEBUG               GST_PADS gstpad.c:4092:push_sticky:<src:src> event segment marked received
0:00:00.042033850 3471031 0x70dc18000d60 INFO                 basesrc gstbasesrc.c:3068:gst_base_src_loop:<src> marking pending DISCONT
0:00:00.042028842 3471031 0x70dc18000b70 DEBUG               GST_PADS gstpad.c:4065:push_sticky:<fake_queue:src> event stream-start was already received
0:00:00.042038352 3471031 0x70dc18000d60 DEBUG         GST_SCHEDULING gstpad.c:4490:gst_pad_chain_data_unchecked:<capsfilter:sink> calling chainfunction &gst_base_transform_chain with buffer buffer: 0x70dc0c015e50, pts 0:00:00.006850745, dts 99:99:99.999999999, dur 0:00:00.033333333, size 6291456, offset 0, offset_end 1, flags 0x40
0:00:00.042041174 3471031 0x70dc18000d60 DEBUG          basetransform gstbasetransform.c:2343:gst_base_transform_chain:<capsfilter> got DISCONT buffer 0x70dc0c015e50
0:00:00.042039325 3471031 0x70dc18000b70 DEBUG               GST_PADS gstpad.c:4065:push_sticky:<fake_queue:src> event caps was already received
0:00:00.042044314 3471031 0x70dc18000d60 DEBUG          basetransform gstbasetransform.c:2045:default_submit_input_buffer:<capsfilter> handling buffer 0x70dc0c015e50 of size 6291456, PTS 0:00:00.006850745 and offset 0
0:00:00.042048562 3471031 0x70dc18000d60 DEBUG          basetransform gstbasetransform.c:2172:default_generate_output:<capsfilter> calling prepare buffer
0:00:00.042050603 3471031 0x70dc18000d60 DEBUG          basetransform gstbasetransform.c:2178:default_generate_output:<capsfilter> using allocated buffer in 0x70dc0c015e50, out 0x70dc0c015e50
0:00:00.042051767 3471031 0x70dc18000d60 DEBUG          basetransform gstbasetransform.c:2196:default_generate_output:<capsfilter> doing inplace transform
0:00:00.042052915 3471031 0x70dc18000d60 DEBUG          basetransform gstbasetransform.c:2381:gst_base_transform_chain:<capsfilter> we have a pending DISCONT
0:00:00.042055697 3471031 0x70dc18000d60 DEBUG         GST_SCHEDULING gstpad.c:4490:gst_pad_chain_data_unchecked:<timeoverlay:video_sink> calling chainfunction &gst_base_text_overlay_video_chain with buffer buffer: 0x70dc0c015e50, pts 0:00:00.006850745, dts 99:99:99.999999999, dur 0:00:00.033333333, size 6291456, offset 0, offset_end 1, flags 0x40
0:00:00.042059136 3471031 0x70dc18000d60 DEBUG                default gsttimeoverlay.c:190:gst_time_overlay_get_text: buffer with timestamp 0:00:00.006850745
0:00:00.042061689 3471031 0x70dc18000d60 DEBUG        basetextoverlay gstbasetextoverlay.c:2217:gst_base_text_overlay_render_text: Rendering '0:00:00.006'
0:00:00.042062760 3471031 0x70dc18000b70 DEBUG              GST_EVENT gstpad.c:5892:gst_pad_send_event_unchecked:<fake_sink:sink> have event type segment event: 0x70dc0c0105b0, time 99:99:99.999999999, seq-num 33, GstEventSegment, segment=(GstSegment)"segment, flags=(GstSegmentFlags)GST_SEGMENT_FLAG_NONE, rate=(double)1, applied-rate=(double)1, format=(GstFormat)time, base=(guint64)0, offset=(guint64)0, start=(guint64)0, stop=(guint64)18446744073709551615, time=(guint64)0, position=(guint64)0, duration=(guint64)18446744073709551615;";
0:00:00.042073999 3471031 0x70dc18000b70 DEBUG               basesink gstbasesink.c:3661:gst_base_sink_event:<fake_sink> received event 0x70dc0c0105b0 segment event: 0x70dc0c0105b0, time 99:99:99.999999999, seq-num 33, GstEventSegment, segment=(GstSegment)"segment, flags=(GstSegmentFlags)GST_SEGMENT_FLAG_NONE, rate=(double)1, applied-rate=(double)1, format=(GstFormat)time, base=(guint64)0, offset=(guint64)0, start=(guint64)0, stop=(guint64)18446744073709551615, time=(guint64)0, position=(guint64)0, duration=(guint64)18446744073709551615;";
0:00:00.042081923 3471031 0x70dc18000b70 DEBUG               basesink gstbasesink.c:3447:gst_base_sink_default_event:<fake_sink> received upstream segment 33 time segment start=0:00:00.000000000, offset=0:00:00.000000000, stop=99:99:99.999999999, rate=1.000000, applied_rate=1.000000, flags=0x00, time=0:00:00.000000000, base=0:00:00.000000000, position 0:00:00.000000000, duration 99:99:99.999999999
0:00:00.042093376 3471031 0x70dc18000b70 DEBUG               basesink gstbasesink.c:3559:gst_base_sink_default_event:<fake_sink> configured segment time segment start=0:00:00.000000000, offset=0:00:00.000000000, stop=99:99:99.999999999, rate=1.000000, applied_rate=1.000000, flags=0x00, time=0:00:00.000000000, base=0:00:00.000000000, position 0:00:00.000000000, duration 99:99:99.999999999
0:00:00.042097102 3471031 0x70dc18000b70 DEBUG               GST_PADS gstpad.c:5986:gst_pad_send_event_unchecked:<fake_sink:sink> sent event, ret ok
0:00:00.042100285 3471031 0x70dc18000b70 DEBUG               GST_PADS gstpad.c:4092:push_sticky:<fake_queue:src> event segment marked received
0:00:00.042102930 3471031 0x70dc18000b70 DEBUG         queue_dataflow gstqueue.c:1563:gst_queue_loop:<fake_queue> queue is empty
0:00:00.043260436 3471031 0x70dc18000d60 DEBUG        basetextoverlay gstbasetextoverlay.c:1839:gst_base_text_overlay_render_pangocairo:<timeoverlay> Rendering with ink rect (1, 5) 152x18 and logical rect (0, 0) 154x29
0:00:00.043269102 3471031 0x70dc18000d60 DEBUG        basetextoverlay gstbasetextoverlay.c:1843:gst_base_text_overlay_render_pangocairo:<timeoverlay> Rendering with width 154 and height 20 (shadow 1.000000, outline 1.000000)
0:00:00.043273911 3471031 0x70dc18000d60 DEBUG             GST_MEMORY gstmemory.c:139:gst_memory_init: new memory 0x70dc0c051260, maxsize:31623 offset:0 size:31616
0:00:00.044104444 3471031 0x70dc18000d60 DEBUG        basetextoverlay gstbasetextoverlay.c:1650:gst_base_text_overlay_get_pos:<timeoverlay> Placing overlay at (26, 33)
0:00:00.044111857 3471031 0x70dc18000d60 DEBUG        basetextoverlay gstbasetextoverlay.c:1667:gst_base_text_overlay_set_composition: updating composition for '' with window size 1024x768, buffer size 247x32, render size 247x32 and position (26, 33)
0:00:00.044115619 3471031 0x70dc18000d60 DEBUG             GST_BUFFER gstbuffer.c:2322:gst_buffer_add_meta: alloc metadata 0x70dc0c0019e0 (GstVideoMeta) of size 144
0:00:00.044367375 3471031 0x70dc18000d60 DEBUG         GST_SCHEDULING gstpad.c:4490:gst_pad_chain_data_unchecked:<tee:sink> calling chainfunction &gst_tee_chain with buffer buffer: 0x70dc0c015e50, pts 0:00:00.006850745, dts 99:99:99.999999999, dur 0:00:00.033333333, size 6291456, offset 0, offset_end 1, flags 0x40
0:00:00.044370128 3471031 0x70dc18000d60 DEBUG                    tee gsttee.c:1024:gst_tee_chain:<tee> received buffer 0x70dc0c015e50
0:00:00.044373434 3471031 0x70dc18000d60 DEBUG         GST_SCHEDULING gstpad.c:4490:gst_pad_chain_data_unchecked:<fake_queue:sink> calling chainfunction &gst_queue_chain with buffer buffer: 0x70dc0c015e50, pts 0:00:00.006850745, dts 99:99:99.999999999, dur 0:00:00.033333333, size 6291456, offset 0, offset_end 1, flags 0x40
0:00:00.044377302 3471031 0x70dc18000d60 DEBUG                  queue gstqueue.c:653:apply_buffer:<fake_queue> Start time updated to +0:00:00.006850745
0:00:00.044380940 3471031 0x70dc18000d60 DEBUG         GST_SCHEDULING gstpad.c:4496:gst_pad_chain_data_unchecked:<fake_queue:sink> called chainfunction &gst_queue_chain with buffer 0x70dc0c015e50, returned ok
0:00:00.044382839 3471031 0x70dc18000d60 DEBUG                    tee gsttee.c:1028:gst_tee_chain:<tee> handled buffer ok
0:00:00.044383981 3471031 0x70dc18000b70 DEBUG         queue_dataflow gstqueue.c:1575:gst_queue_loop:<fake_queue> queue is not empty
0:00:00.044384337 3471031 0x70dc18000d60 DEBUG         GST_SCHEDULING gstpad.c:4496:gst_pad_chain_data_unchecked:<tee:sink> called chainfunction &gst_tee_chain with buffer 0x70dc0c015e50, returned ok
0:00:00.044392756 3471031 0x70dc18000d60 DEBUG         GST_SCHEDULING gstpad.c:4496:gst_pad_chain_data_unchecked:<timeoverlay:video_sink> called chainfunction &gst_base_text_overlay_video_chain with buffer 0x70dc0c015e50, returned ok
0:00:00.044396574 3471031 0x70dc18000d60 DEBUG         GST_SCHEDULING gstpad.c:4496:gst_pad_chain_data_unchecked:<capsfilter:sink> called chainfunction &gst_base_transform_chain with buffer 0x70dc0c015e50, returned ok
0:00:00.044393291 3471031 0x70dc18000b70 DEBUG         GST_SCHEDULING gstpad.c:4490:gst_pad_chain_data_unchecked:<fake_sink:sink> calling chainfunction &gst_base_sink_chain with buffer buffer: 0x70dc0c015e50, pts 0:00:00.006850745, dts 99:99:99.999999999, dur 0:00:00.033333333, size 6291456, offset 0, offset_end 1, flags 0x40
0:00:00.044402735 3471031 0x70dc18000d60 DEBUG                basesrc gstbasesrc.c:2610:gst_base_src_get_range:<src> calling create offset 18446744073709551615 length 4096, time 0
0:00:00.044409990 3471031 0x70dc18000b70 DEBUG               basesink gstbasesink.c:3833:gst_base_sink_chain_unlocked:<fake_sink> got times start: 0:00:00.006850745, end: 0:00:00.040184078
0:00:00.044410463 3471031 0x70dc18000d60 DEBUG              videopool gstvideopool.c:248:video_buffer_pool_alloc:<videobufferpool0> alloc 6291456
0:00:00.044416597 3471031 0x70dc18000b70 DEBUG               basesink gstbasesink.c:2166:gst_base_sink_get_sync_times:<fake_sink> got times start: 0:00:00.006850745, stop: 0:00:00.040184078, do_sync 1
0:00:00.044420425 3471031 0x70dc18000b70 DEBUG               basesink gstbasesink.c:2486:gst_base_sink_do_preroll:<fake_sink> prerolling object 0x70dc0c015e50
0:00:00.044423356 3471031 0x70dc18000b70 DEBUG               basesink gstbasesink.c:1052:gst_base_sink_set_last_buffer_unlocked:<fake_sink> setting last buffer to 0x70dc0c015e50
0:00:00.044423483 3471031 0x70dc18000d60 DEBUG             GST_MEMORY gstmemory.c:139:gst_memory_init: new memory 0x70dc24200010, maxsize:6291463 offset:0 size:6291456
0:00:00.044427286 3471031 0x70dc18000b70 DEBUG               basesink gstbasesink.c:2508:gst_base_sink_do_preroll:<fake_sink> preroll buffer 0:00:00.006850745
0:00:00.044433397 3471031 0x70dc18000b70 DEBUG               basesink gstbasesink.c:1707:gst_base_sink_commit_state:<fake_sink> committing state to PAUSED
0:00:00.044435561 3471031 0x70dc18000b70 DEBUG               basesink gstbasesink.c:1732:gst_base_sink_commit_state:<fake_sink> posting PAUSED state change message
0:00:00.044445455 3471031 0x70dc18000b70 DEBUG                GST_BUS gstbus.c:339:gst_bus_post:<bus0> [msg 0x70dc14002d30] posting on bus state-changed message: 0x70dc14002d30, time 99:99:99.999999999, seq-num 54, element 'fake_sink', GstMessageStateChanged, old-state=(GstState)ready, new-state=(GstState)paused, pending-state=(GstState)void-pending;
0:00:00.044449951 3471031 0x70dc18000b70 DEBUG                    bin gstbin.c:3704:gst_bin_handle_message_func:<DynamicPipeline> [msg 0x70dc14002d30] handling child fake_sink message of type state-changed
0:00:00.044452309 3471031 0x70dc18000b70 DEBUG                    bin gstbin.c:4040:gst_bin_handle_message_func:<DynamicPipeline> posting message upward
0:00:00.044456940 3471031 0x70dc18000b70 DEBUG                GST_BUS gstbus.c:339:gst_bus_post:<bus1> [msg 0x70dc14002d30] posting on bus state-changed message: 0x70dc14002d30, time 99:99:99.999999999, seq-num 54, element 'fake_sink', GstMessageStateChanged, old-state=(GstState)ready, new-state=(GstState)paused, pending-state=(GstState)void-pending;
0:00:00.044460107 3471031 0x70dc18000b70 DEBUG                GST_BUS gstbus.c:392:gst_bus_post:<bus1> [msg 0x70dc14002d30] pushing on async queue
0:00:00.044467478 3471031 0x70dc18000b70 DEBUG                GST_BUS gstbus.c:395:gst_bus_post:<bus1> [msg 0x70dc14002d30] pushed on async queue
0:00:00.044470308 3471031 0x70dc18000b70 DEBUG                GST_BUS gstbus.c:381:gst_bus_post:<bus0> [msg 0x70dc14002d30] dropped
0:00:00.044472432 3471031 0x70dc18000b70 DEBUG               basesink gstbasesink.c:1738:gst_base_sink_commit_state:<fake_sink> posting async-done message
0:00:00.044477098 3471031 0x70dc18000b70 DEBUG                GST_BUS gstbus.c:339:gst_bus_post:<bus0> [msg 0x70dc140027d0] posting on bus async-done message: 0x70dc140027d0, time 99:99:99.999999999, seq-num 55, element 'fake_sink', GstMessageAsyncDone, running-time=(guint64)18446744073709551615;
0:00:00.044480497 3471031 0x70dc18000b70 DEBUG                    bin gstbin.c:3704:gst_bin_handle_message_func:<DynamicPipeline> [msg 0x70dc140027d0] handling child fake_sink message of type async-done
0:00:00.044487807 3471031 0x70dc18000b70 DEBUG                    bin gstbin.c:3915:gst_bin_handle_message_func:<DynamicPipeline> ASYNC_DONE message 0x70dc140027d0, fake_sink
0:00:00.044490506 3471031 0x70dc18000b70 DEBUG                    bin gstbin.c:3595:bin_do_message_forward:<DynamicPipeline> pass async-done message upward
0:00:00.044498437 3471031 0x70dc18000b70 WARN               structure gststructure.c:2099:priv_gst_structure_append_to_gstring: No value transform to serialize field 'message' of type 'GstMessage'
0:00:00.044501930 3471031 0x70dc18000b70 DEBUG                GST_BUS gstbus.c:339:gst_bus_post:<bus1> [msg 0x70dc140049f0] posting on bus element message: 0x70dc140049f0, time 99:99:99.999999999, seq-num 56, element 'DynamicPipeline', GstBinForwarded, message=(GstMessage)NULL;
0:00:00.044504635 3471031 0x70dc18000b70 DEBUG                GST_BUS gstbus.c:392:gst_bus_post:<bus1> [msg 0x70dc140049f0] pushing on async queue
0:00:00.044506736 3471031 0x70dc18000b70 DEBUG                GST_BUS gstbus.c:395:gst_bus_post:<bus1> [msg 0x70dc140049f0] pushed on async queue
0:00:00.044509958 3471031 0x70dc18000b70 DEBUG                    bin gstbin.c:878:find_message:<DynamicPipeline> we found a message 0x3ae83670 from fake_sink matching types 00100000
0:00:00.044512907 3471031 0x70dc18000b70 DEBUG                    bin gstbin.c:919:bin_replace_message:<DynamicPipeline> replace old message async-start from fake_sink with async-done message
0:00:00.044515585 3471031 0x70dc18000b70 DEBUG                    bin gstbin.c:882:find_message:<DynamicPipeline> no message found matching types 00100000
0:00:00.044517766 3471031 0x70dc18000b70 DEBUG                    bin gstbin.c:889:find_message:<DynamicPipeline>   async-start
0:00:00.044520254 3471031 0x70dc18000b70 DEBUG                    bin gstbin.c:956:bin_remove_messages:<fake_sink> deleting message 0x70dc140027d0 of type async-done (types 0x00200000)
0:00:00.044522405 3471031 0x70dc18000b70 DEBUG                    bin gstbin.c:3935:gst_bin_handle_message_func:<DynamicPipeline> async elements committed
0:00:00.044525681 3471031 0x70dc18000b70 INFO              GST_STATES gstbin.c:3417:bin_handle_async_done:<DynamicPipeline> setting state from PAUSED to PAUSED, pending PLAYING
0:00:00.044528010 3471031 0x70dc18000b70 INFO              GST_STATES gstbin.c:3439:bin_handle_async_done:<DynamicPipeline> continue state change, pending PLAYING
0:00:00.044529956 3471031 0x70dc18000b70 DEBUG                    bin gstbin.c:3467:bin_handle_async_done:<DynamicPipeline> posting ASYNC_DONE to parent
0:00:00.044533832 3471031 0x70dc18000b70 DEBUG                GST_BUS gstbus.c:339:gst_bus_post:<bus1> [msg 0x70dc14004bb0] posting on bus async-done message: 0x70dc14004bb0, time 99:99:99.999999999, seq-num 57, element 'DynamicPipeline', GstMessageAsyncDone, running-time=(guint64)18446744073709551615;
0:00:00.044536726 3471031 0x70dc18000b70 DEBUG                GST_BUS gstbus.c:392:gst_bus_post:<bus1> [msg 0x70dc14004bb0] pushing on async queue
0:00:00.044538824 3471031 0x70dc18000b70 DEBUG                GST_BUS gstbus.c:395:gst_bus_post:<bus1> [msg 0x70dc14004bb0] pushed on async queue
0:00:00.044540888 3471031 0x70dc18000b70 DEBUG                    bin gstbin.c:3474:bin_handle_async_done:<DynamicPipeline> all async-done, starting state continue
0:00:00.044542826 3471031 0x70dc18000b70 DEBUG                    bin gstbin.c:3279:bin_push_state_continue:<DynamicPipeline> pushing continue on thread pool
0:00:00.044544192 3471031     0x3ac6e170 DEBUG                GST_BUS gstbus.c:573:gst_bus_timed_pop_filtered:<bus1> got message 0x70dc14002d30, state-changed from fake_sink, type mask is 4294967295
0:00:00.044544947 3471031 0x70dc18000b70 DEBUG                default gstelement.c:209:gst_element_setup_thread_pool: creating element thread pool
0:00:00.044556653 3471031     0x3ac6e170 DEBUG                GST_BUS gstbus.c:831:gst_bus_source_dispatch:<bus1> source 0x3ae88120 calling dispatch with state-changed message: 0x70dc14002d30, time 99:99:99.999999999, seq-num 54, element 'fake_sink', GstMessageStateChanged, old-state=(GstState)ready, new-state=(GstState)paused, pending-state=(GstState)void-pending;
0:00:00.044616769 3471031 0x70dc18000b70 DEBUG                GST_BUS gstbus.c:381:gst_bus_post:<bus0> [msg 0x70dc140027d0] dropped
0:00:00.044621403 3471031 0x70dc18000b70 DEBUG                GST_BUS gstbus.c:339:gst_bus_post:<bus0> [msg 0x70dc14004c40] posting on bus latency message: 0x70dc14004c40, time 99:99:99.999999999, seq-num 58, element 'fake_sink', (NULL)
0:00:00.044622918 3471031     0x3ac6e170 DEBUG                GST_BUS gstbus.c:837:gst_bus_source_dispatch:<bus1> source 0x3ae88120 handler returns 1
0:00:00.044624383 3471031 0x70dc18000b70 DEBUG                    bin gstbin.c:3704:gst_bin_handle_message_func:<DynamicPipeline> [msg 0x70dc14004c40] handling child fake_sink message of type latency
0:00:00.044634649 3471031     0x3ac6e170 DEBUG                GST_BUS gstbus.c:573:gst_bus_timed_pop_filtered:<bus1> got message 0x70dc140049f0, element from DynamicPipeline, type mask is 4294967295
0:00:00.044636692 3471031 0x70dc18000f50 DEBUG                    bin gstbin.c:3214:gst_bin_continue_func:<DynamicPipeline> waiting for state lock
0:00:00.044642187 3471031 0x70dc18000f50 DEBUG                    bin gstbin.c:3217:gst_bin_continue_func:<DynamicPipeline> doing state continue
0:00:00.044647576 3471031 0x70dc18000f50 INFO              GST_STATES gstbin.c:3235:gst_bin_continue_func:<DynamicPipeline> continue state change PAUSED to PLAYING, final PLAYING
0:00:00.044639711 3471031     0x3ac6e170 WARN               structure gststructure.c:2099:priv_gst_structure_append_to_gstring: No value transform to serialize field 'message' of type 'GstMessage'
0:00:00.044638265 3471031 0x70dc18000b70 DEBUG                    bin gstbin.c:4040:gst_bin_handle_message_func:<DynamicPipeline> posting message upward
0:00:00.044656641 3471031 0x70dc18000f50 DEBUG               pipeline gstpipeline.c:434:gst_pipeline_change_state:<DynamicPipeline> selecting clock and base_time
0:00:00.044660284 3471031 0x70dc18000f50 DEBUG               pipeline gstpipeline.c:508:gst_pipeline_change_state:<DynamicPipeline> NOT adjusting base_time because we selected one before
0:00:00.044662842 3471031 0x70dc18000f50 DEBUG             GST_STATES gstbin.c:2837:gst_bin_change_state_func:<DynamicPipeline> changing state of children from PAUSED to PLAYING
0:00:00.044657661 3471031 0x70dc18000b70 DEBUG                GST_BUS gstbus.c:339:gst_bus_post:<bus1> [msg 0x70dc14004c40] posting on bus latency message: 0x70dc14004c40, time 99:99:99.999999999, seq-num 58, element 'fake_sink', (NULL)
0:00:00.044668881 3471031     0x3ac6e170 DEBUG                GST_BUS gstbus.c:831:gst_bus_source_dispatch:<bus1> source 0x3ae88120 calling dispatch with element message: 0x70dc140049f0, time 99:99:99.999999999, seq-num 56, element 'DynamicPipeline', GstBinForwarded, message=(GstMessage)NULL;
0:00:00.044668416 3471031 0x70dc18000f50 DEBUG                    bin gstbin.c:2742:gst_bin_do_latency_func:<DynamicPipeline> querying latency
0:00:00.044675562 3471031 0x70dc18000b70 DEBUG                GST_BUS gstbus.c:392:gst_bus_post:<bus1> [msg 0x70dc14004c40] pushing on async queue
0:00:00.044678318 3471031 0x70dc18000f50 DEBUG                  query gstquery.c:680:gst_query_new_custom: creating new query 0x70dc08000fa0 latency
0:00:00.044681735 3471031 0x70dc18000f50 DEBUG       GST_ELEMENT_PADS gstelement.c:2098:gst_element_query: send query on element DynamicPipeline
0:00:00.044679226 3471031 0x70dc18000b70 DEBUG                GST_BUS gstbus.c:395:gst_bus_post:<bus1> [msg 0x70dc14004c40] pushed on async queue
0:00:00.044689945 3471031 0x70dc18000b70 DEBUG                GST_BUS gstbus.c:381:gst_bus_post:<bus0> [msg 0x70dc14004c40] dropped
0:00:00.044693388 3471031 0x70dc18000b70 DEBUG               basesink gstbasesink.c:2439:gst_base_sink_wait_preroll:<fake_sink> waiting in preroll for flush or PLAYING
0:00:00.044686119 3471031 0x70dc18000f50 DEBUG                    bin gstbin.c:4306:gst_bin_query:<DynamicPipeline> Sending query 0x70dc08000fa0 (type latency) to sink children
0:00:00.044703020 3471031 0x70dc18000f50 DEBUG             GST_STATES gstbin.c:1957:bin_element_is_sink:<DynamicPipeline> child fake_sink is sink
0:00:00.044705840 3471031 0x70dc18000f50 DEBUG       GST_ELEMENT_PADS gstelement.c:2098:gst_element_query: send query on element fake_sink
0:00:00.044708560 3471031 0x70dc18000f50 DEBUG               basesink gstbasesink.c:1229:gst_base_sink_query_latency:<fake_sink> we are ready for LATENCY query
0:00:00.044711258 3471031 0x70dc18000f50 DEBUG                  query gstquery.c:680:gst_query_new_custom: creating new query 0x70dc080017e0 latency
0:00:00.044713722 3471031 0x70dc18000f50 DEBUG               GST_PADS gstpad.c:4341:gst_pad_peer_query:<fake_sink:sink> peer query 0x70dc080017e0 (latency)
0:00:00.044716202 3471031 0x70dc18000f50 DEBUG               GST_PADS gstpad.c:4209:gst_pad_query:<fake_queue:src> doing query 0x70dc080017e0 (latency)
0:00:00.044717459 3471031     0x3ac6e170 DEBUG                GST_BUS gstbus.c:837:gst_bus_source_dispatch:<bus1> source 0x3ae88120 handler returns 1
0:00:00.044718568 3471031 0x70dc18000f50 DEBUG               GST_PADS gstpad.c:2999:gst_pad_iterate_internal_links_default:<fake_queue:src> Making iterator
0:00:00.044726024 3471031     0x3ac6e170 DEBUG                GST_BUS gstbus.c:573:gst_bus_timed_pop_filtered:<bus1> got message 0x70dc14004bb0, async-done from DynamicPipeline, type mask is 4294967295
0:00:00.044727937 3471031 0x70dc18000f50 DEBUG                  query gstquery.c:680:gst_query_new_custom: creating new query 0x70dc08001cb0 latency
0:00:00.044730904 3471031 0x70dc18000f50 DEBUG               GST_PADS gstpad.c:4341:gst_pad_peer_query:<fake_queue:sink> peer query 0x70dc08001cb0 (latency)
0:00:00.044731557 3471031     0x3ac6e170 DEBUG                GST_BUS gstbus.c:831:gst_bus_source_dispatch:<bus1> source 0x3ae88120 calling dispatch with async-done message: 0x70dc14004bb0, time 99:99:99.999999999, seq-num 57, element 'DynamicPipeline', GstMessageAsyncDone, running-time=(guint64)18446744073709551615;
0:00:00.044737045 3471031 0x70dc18000f50 DEBUG               GST_PADS gstpad.c:4209:gst_pad_query:<tee:src_0> doing query 0x70dc08001cb0 (latency)
0:00:00.044752967 3471031 0x70dc18000f50 DEBUG               GST_PADS gstpad.c:2999:gst_pad_iterate_internal_links_default:<tee:src_0> Making iterator
0:00:00.044757816 3471031 0x70dc18000f50 DEBUG                  query gstquery.c:680:gst_query_new_custom: creating new query 0x70dc08001ee0 latency
0:00:00.044760310 3471031 0x70dc18000f50 DEBUG               GST_PADS gstpad.c:4341:gst_pad_peer_query:<tee:sink> peer query 0x70dc08001ee0 (latency)
0:00:00.044762558 3471031 0x70dc18000f50 DEBUG               GST_PADS gstpad.c:4209:gst_pad_query:<timeoverlay:src> doing query 0x70dc08001ee0 (latency)
0:00:00.044764631 3471031 0x70dc18000f50 DEBUG               GST_PADS gstpad.c:2999:gst_pad_iterate_internal_links_default:<timeoverlay:src> Making iterator
0:00:00.044767160 3471031 0x70dc18000f50 DEBUG                  query gstquery.c:680:gst_query_new_custom: creating new query 0x70dc08002110 latency
0:00:00.044769354 3471031 0x70dc18000f50 DEBUG               GST_PADS gstpad.c:4341:gst_pad_peer_query:<timeoverlay:video_sink> peer query 0x70dc08002110 (latency)
0:00:00.044771340 3471031     0x3ac6e170 DEBUG                GST_BUS gstbus.c:837:gst_bus_source_dispatch:<bus1> source 0x3ae88120 handler returns 1
0:00:00.044771716 3471031 0x70dc18000f50 DEBUG               GST_PADS gstpad.c:4209:gst_pad_query:<capsfilter:src> doing query 0x70dc08002110 (latency)
0:00:00.044782402 3471031 0x70dc18000f50 DEBUG               GST_PADS gstpad.c:4341:gst_pad_peer_query:<capsfilter:sink> peer query 0x70dc08002110 (latency)
0:00:00.044787290 3471031 0x70dc18000f50 DEBUG               GST_PADS gstpad.c:4209:gst_pad_query:<src:src> doing query 0x70dc08002110 (latency)
0:00:00.044783329 3471031     0x3ac6e170 DEBUG                GST_BUS gstbus.c:573:gst_bus_timed_pop_filtered:<bus1> got message 0x70dc14004c40, latency from fake_sink, type mask is 4294967295
0:00:00.044791875 3471031 0x70dc18000f50 DEBUG           videotestsrc gstvideotestsrc.c:1128:gst_video_test_src_query:<src> Reporting latency of 0:00:00.033333333
0:00:00.044802599 3471031 0x70dc18000f50 DEBUG               GST_PADS gstpad.c:4232:gst_pad_query:<src:src> sent query 0x70dc08002110 (latency), result 1
0:00:00.044799262 3471031     0x3ac6e170 DEBUG                GST_BUS gstbus.c:831:gst_bus_source_dispatch:<bus1> source 0x3ae88120 calling dispatch with latency message: 0x70dc14004c40, time 99:99:99.999999999, seq-num 58, element 'fake_sink', (NULL)
0:00:00.044805226 3471031 0x70dc18000f50 DEBUG               GST_PADS gstpad.c:4232:gst_pad_query:<capsfilter:src> sent query 0x70dc08002110 (latency), result 1
0:00:00.044813230 3471031 0x70dc18000f50 DEBUG               GST_PADS gstpad.c:3545:gst_pad_query_default:<timeoverlay:src> not forwarding 0x70dc08001ee0 (latency) query
0:00:00.044815769 3471031 0x70dc18000f50 DEBUG               GST_PADS gstpad.c:4232:gst_pad_query:<timeoverlay:src> sent query 0x70dc08001ee0 (latency), result 1
0:00:00.044818575 3471031 0x70dc18000f50 DEBUG               GST_PADS gstpad.c:3545:gst_pad_query_default:<tee:src_0> not forwarding 0x70dc08001cb0 (latency) query
0:00:00.044820897 3471031 0x70dc18000f50 DEBUG               GST_PADS gstpad.c:4232:gst_pad_query:<tee:src_0> sent query 0x70dc08001cb0 (latency), result 1
0:00:00.044823501 3471031 0x70dc18000f50 DEBUG               GST_PADS gstpad.c:3545:gst_pad_query_default:<fake_queue:src> not forwarding 0x70dc080017e0 (latency) query
0:00:00.044826117 3471031 0x70dc18000f50 DEBUG               GST_PADS gstpad.c:4232:gst_pad_query:<fake_queue:src> sent query 0x70dc080017e0 (latency), result 1
0:00:00.044846329 3471031 0x70dc18000f50 DEBUG               basesink gstbasesink.c:1287:gst_base_sink_query_latency:<fake_sink> latency query: live: 0, have_latency 1, upstream_live 1, min(0:00:00.033333333)=upstream(0:00:00.033333333)+processing_deadline(0:00:00.020000000)+render_delay(0:00:00.000000000), max(99:99:99.999999999)=upstream(99:99:99.999999999)+render_delay(0:00:00.000000000)
0:00:00.044850633 3471031 0x70dc18000f50 DEBUG               basesink gstbasesink.c:5566:default_element_query:<fake_sink> query latency returns 1
0:00:00.044854509 3471031 0x70dc18000f50 DEBUG                    bin gstbin.c:4165:bin_query_latency_fold:<fake_sink> got latency min 0:00:00.033333333, max 99:99:99.999999999, live 0
0:00:00.044857459 3471031 0x70dc18000f50 DEBUG             GST_STATES gstbin.c:1957:bin_element_is_sink:<DynamicPipeline> child fake_queue is not sink
0:00:00.044860026 3471031 0x70dc18000f50 DEBUG             GST_STATES gstbin.c:1957:bin_element_is_sink:<DynamicPipeline> child timeoverlay is not sink
0:00:00.044862381 3471031 0x70dc18000f50 DEBUG             GST_STATES gstbin.c:1957:bin_element_is_sink:<DynamicPipeline> child capsfilter is not sink
0:00:00.044864645 3471031 0x70dc18000f50 DEBUG             GST_STATES gstbin.c:1957:bin_element_is_sink:<DynamicPipeline> child src is not sink
0:00:00.044866823 3471031 0x70dc18000f50 DEBUG             GST_STATES gstbin.c:1957:bin_element_is_sink:<DynamicPipeline> child tee is not sink
0:00:00.044872584 3471031 0x70dc18000f50 DEBUG                    bin gstbin.c:4195:bin_query_latency_done:<DynamicPipeline> latency min 0:00:00.000000000, max 99:99:99.999999999, live 0
0:00:00.044875202 3471031 0x70dc18000f50 DEBUG                    bin gstbin.c:4329:gst_bin_query:<DynamicPipeline> query 0x70dc08000fa0 result 1
0:00:00.044878593 3471031 0x70dc18000f50 DEBUG                    bin gstbin.c:2750:gst_bin_do_latency_func:<DynamicPipeline> got min latency 0:00:00.000000000, max latency 99:99:99.999999999, live 0
0:00:00.044881253 3471031 0x70dc18000f50 INFO               GST_EVENT gstevent.c:1557:gst_event_new_latency: creating latency event 0:00:00.000000000
0:00:00.044883959 3471031 0x70dc18000f50 DEBUG              GST_EVENT gstevent.c:337:gst_event_new_custom: creating new event 0x70dc08002530 latency 56321
0:00:00.044888825 3471031 0x70dc18000f50 DEBUG       GST_ELEMENT_PADS gstelement.c:1992:gst_element_send_event: send latency event on element DynamicPipeline
0:00:00.044891550 3471031 0x70dc18000f50 DEBUG                    bin gstbin.c:3126:gst_bin_send_event:<DynamicPipeline> Sending latency event to sink children
0:00:00.044894198 3471031 0x70dc18000f50 DEBUG             GST_STATES gstbin.c:1957:bin_element_is_sink:<DynamicPipeline> child fake_sink is sink
0:00:00.044896851 3471031 0x70dc18000f50 DEBUG       GST_ELEMENT_PADS gstelement.c:1992:gst_element_send_event: send latency event on element fake_sink
0:00:00.044902291 3471031 0x70dc18000f50 DEBUG               basesink gstbasesink.c:4998:gst_base_sink_send_event:<fake_sink> handling event 0x70dc08002530 latency event: 0x70dc08002530, time 99:99:99.999999999, seq-num 59, GstEventLatency, latency=(guint64)0;
0:00:00.044907896 3471031 0x70dc18000f50 DEBUG               basesink gstbasesink.c:5015:gst_base_sink_send_event:<fake_sink> latency set to 0:00:00.000000000
0:00:00.044911552 3471031 0x70dc18000f50 DEBUG               basesink gstbasesink.c:5049:gst_base_sink_send_event:<fake_sink> sending event 0x70dc08002530 latency event: 0x70dc08002530, time 99:99:99.999999999, seq-num 59, GstEventLatency, latency=(guint64)0;
0:00:00.044915616 3471031 0x70dc18000f50 DEBUG              GST_EVENT gstpad.c:5892:gst_pad_send_event_unchecked:<fake_queue:src> have event type latency event: 0x70dc08002530, time 99:99:99.999999999, seq-num 59, GstEventLatency, latency=(guint64)0;
0:00:00.044918512 3471031 0x70dc18000f50 DEBUG         queue_dataflow gstqueue.c:1631:gst_queue_handle_src_event:<fake_queue> got event 0x70dc08002530 (56321)
